Archive member included to satisfy reference by file (symbol)

../Middlewares/ST/AI/Lib/NetworkRuntime810_CM4_GCC.a(ai_platform.o)
                              ./X-CUBE-AI/App/network.o (ai_buffer_array_item_set_address)
../Middlewares/ST/AI/Lib/NetworkRuntime810_CM4_GCC.a(ai_platform_interface.o)
                              ./X-CUBE-AI/App/network.o (ai_platform_get_weights_map)
../Middlewares/ST/AI/Lib/NetworkRuntime810_CM4_GCC.a(core_common.o)
                              ../Middlewares/ST/AI/Lib/NetworkRuntime810_CM4_GCC.a(ai_platform_interface.o) (core_init)
../Middlewares/ST/AI/Lib/NetworkRuntime810_CM4_GCC.a(core_convert.o)
                              ./X-CUBE-AI/App/network.o (node_convert_integer)
../Middlewares/ST/AI/Lib/NetworkRuntime810_CM4_GCC.a(core_mem_manager.o)
                              ../Middlewares/ST/AI/Lib/NetworkRuntime810_CM4_GCC.a(ai_platform_interface.o) (core_mem_alloc)
../Middlewares/ST/AI/Lib/NetworkRuntime810_CM4_GCC.a(layers.o)
                              ../Middlewares/ST/AI/Lib/NetworkRuntime810_CM4_GCC.a(ai_platform_interface.o) (ai_check_custom_types)
../Middlewares/ST/AI/Lib/NetworkRuntime810_CM4_GCC.a(layers_conv2d_sssa8_ch.o)
                              ./X-CUBE-AI/App/network.o (forward_conv2d_deep_3x3_sssa8_ch)
../Middlewares/ST/AI/Lib/NetworkRuntime810_CM4_GCC.a(layers_conv2d_stm32_integer.o)
                              ../Middlewares/ST/AI/Lib/NetworkRuntime810_CM4_GCC.a(layers.o) (get_conv2d_scratch_size)
../Middlewares/ST/AI/Lib/NetworkRuntime810_CM4_GCC.a(layers_generic_float.o)
                              ./X-CUBE-AI/App/network.o (forward_pad)
../Middlewares/ST/AI/Lib/NetworkRuntime810_CM4_GCC.a(layers_pad_generic.o)
                              ../Middlewares/ST/AI/Lib/NetworkRuntime810_CM4_GCC.a(layers_generic_float.o) (forward_pad_8bit_ch1st_3x3_constant)
../Middlewares/ST/AI/Lib/NetworkRuntime810_CM4_GCC.a(layers_pool_stm32_integer.o)
                              ./X-CUBE-AI/App/network.o (pool_func_mp_array_integer_INT8)
../Middlewares/ST/AI/Lib/NetworkRuntime810_CM4_GCC.a(forward_lite_conv2d_sssa8_ch.o)
                              ../Middlewares/ST/AI/Lib/NetworkRuntime810_CM4_GCC.a(layers_conv2d_sssa8_ch.o) (forward_lite_conv2d_dilated_sssa8_ch)
../Middlewares/ST/AI/Lib/NetworkRuntime810_CM4_GCC.a(forward_lite_convert.o)
                              ../Middlewares/ST/AI/Lib/NetworkRuntime810_CM4_GCC.a(core_convert.o) (forward_lite_node_convert_is1os8)
../Middlewares/ST/AI/Lib/NetworkRuntime810_CM4_GCC.a(forward_lite_maxpool_is16os16.o)
                              ../Middlewares/ST/AI/Lib/NetworkRuntime810_CM4_GCC.a(layers_pool_stm32_integer.o) (forward_lite_maxpool_is16os16_scalepos)
../Middlewares/ST/AI/Lib/NetworkRuntime810_CM4_GCC.a(forward_lite_maxpool_is8os8.o)
                              ../Middlewares/ST/AI/Lib/NetworkRuntime810_CM4_GCC.a(layers_pool_stm32_integer.o) (forward_lite_maxpool_is8os8_scalepos)
../Middlewares/ST/AI/Lib/NetworkRuntime810_CM4_GCC.a(forward_lite_maxpool_iu16ou16.o)
                              ../Middlewares/ST/AI/Lib/NetworkRuntime810_CM4_GCC.a(layers_pool_stm32_integer.o) (forward_lite_maxpool_iu16ou16_scalepos)
../Middlewares/ST/AI/Lib/NetworkRuntime810_CM4_GCC.a(forward_lite_maxpool_iu8ou8.o)
                              ../Middlewares/ST/AI/Lib/NetworkRuntime810_CM4_GCC.a(layers_pool_stm32_integer.o) (forward_lite_maxpool_iu8ou8_scalepos)
../Middlewares/ST/AI/Lib/NetworkRuntime810_CM4_GCC.a(lite_generic_float.o)
                              ../Middlewares/ST/AI/Lib/NetworkRuntime810_CM4_GCC.a(layers_generic_float.o) (forward_lite_topK_axis_0_if32of32)
../Middlewares/ST/AI/Lib/NetworkRuntime810_CM4_GCC.a(forward_lite_pad_generic.o)
                              ../Middlewares/ST/AI/Lib/NetworkRuntime810_CM4_GCC.a(layers_pad_generic.o) (forward_lite_pad_8bit_ch1st_3x3_constant)
../Middlewares/ST/AI/Lib/NetworkRuntime810_CM4_GCC.a(st_convolve_reference.o)
                              ../Middlewares/ST/AI/Lib/NetworkRuntime810_CM4_GCC.a(layers_conv2d_stm32_integer.o) (align_factor)
../Middlewares/ST/AI/Lib/NetworkRuntime810_CM4_GCC.a(st_sssa8_ch_convolve.o)
                              ../Middlewares/ST/AI/Lib/NetworkRuntime810_CM4_GCC.a(layers_conv2d_stm32_integer.o) (st_sssa8_ch_convolve_rank1upd)
../Middlewares/ST/AI/Lib/NetworkRuntime810_CM4_GCC.a(st_sssa8_convolve.o)
                              ../Middlewares/ST/AI/Lib/NetworkRuntime810_CM4_GCC.a(layers_conv2d_stm32_integer.o) (st_sssa8_convolve_rank1upd)
../Middlewares/ST/AI/Lib/NetworkRuntime810_CM4_GCC.a(st_sssa8_convolve_1x1.o)
                              ../Middlewares/ST/AI/Lib/NetworkRuntime810_CM4_GCC.a(layers_conv2d_stm32_integer.o) (st_sssa8_convolve_1x1_WeightsPrefetch)
../Middlewares/ST/AI/Lib/NetworkRuntime810_CM4_GCC.a(st_sssa8_convolve_dw.o)
                              ../Middlewares/ST/AI/Lib/NetworkRuntime810_CM4_GCC.a(layers_conv2d_stm32_integer.o) (st_sssa8_conv_dw_Wadapt)
[...]
Memory Configuration

Name             Origin             Length             Attributes
CCMRAM           0x10000000         0x00010000         xrw
RAM              0x20000000         0x0001c000         xrw
FLASH            0x08000000         0x00100000         xr
*default*        0x00000000         0xffffffff

Linker script and memory map

LOAD /Applications/STM32CubeIDE.app/Contents/Eclipse/plugins/com.st.stm32cube.ide.mcu.externaltools.gnu-tools-for-stm32.13.3.rel1.macos64_1.0.100.202509120712/tools/bin/../lib/gcc/arm-none-eabi/13.3.1/thumb/v7e-m+fp/hard/crti.o
LOAD /Applications/STM32CubeIDE.app/Contents/Eclipse/plugins/com.st.stm32cube.ide.mcu.externaltools.gnu-tools-for-stm32.13.3.rel1.macos64_1.0.100.202509120712/tools/bin/../lib/gcc/arm-none-eabi/13.3.1/thumb/v7e-m+fp/hard/crtbegin.o
LOAD /Applications/STM32CubeIDE.app/Contents/Eclipse/plugins/com.st.stm32cube.ide.mcu.externaltools.gnu-tools-for-stm32.13.3.rel1.macos64_1.0.100.202509120712/tools/bin/../lib/gcc/arm-none-eabi/13.3.1/../../../../arm-none-eabi/lib/thumb/v7e-m+fp/hard/crt0.o
LOAD ./Core/Src/main.o
LOAD ./Core/Src/stm32f4xx_hal_msp.o
LOAD ./Core/Src/stm32f4xx_it.o
LOAD ./Core/Src/sysmem.o
LOAD ./Core/Src/system_stm32f4xx.o
LOAD ./Core/Startup/startup_stm32f407zgtx.o
LOAD ./Drivers/STM32F4xx_HAL_Driver/Src/stm32f4xx_hal.o
LOAD ./Drivers/STM32F4xx_HAL_Driver/Src/stm32f4xx_hal_cortex.o
LOAD ./Drivers/STM32F4xx_HAL_Driver/Src/stm32f4xx_hal_crc.o
LOAD ./Drivers/STM32F4xx_HAL_Driver/Src/stm32f4xx_hal_dma.o
LOAD ./Drivers/STM32F4xx_HAL_Driver/Src/stm32f4xx_hal_dma_ex.o
LOAD ./Drivers/STM32F4xx_HAL_Driver/Src/stm32f4xx_hal_exti.o
LOAD ./Drivers/STM32F4xx_HAL_Driver/Src/stm32f4xx_hal_flash.o
LOAD ./Drivers/STM32F4xx_HAL_Driver/Src/stm32f4xx_hal_flash_ex.o
LOAD ./Drivers/STM32F4xx_HAL_Driver/Src/stm32f4xx_hal_flash_ramfunc.o
LOAD ./Drivers/STM32F4xx_HAL_Driver/Src/stm32f4xx_hal_gpio.o
LOAD ./Drivers/STM32F4xx_HAL_Driver/Src/stm32f4xx_hal_pwr.o
LOAD ./Drivers/STM32F4xx_HAL_Driver/Src/stm32f4xx_hal_pwr_ex.o
LOAD ./Drivers/STM32F4xx_HAL_Driver/Src/stm32f4xx_hal_rcc.o
LOAD ./Drivers/STM32F4xx_HAL_Driver/Src/stm32f4xx_hal_rcc_ex.o
LOAD ./Drivers/STM32F4xx_HAL_Driver/Src/stm32f4xx_hal_uart.o
LOAD ./X-CUBE-AI/App/app_x-cube-ai.o
LOAD ./X-CUBE-AI/App/network.o
LOAD ./X-CUBE-AI/App/network_data.o
LOAD ./X-CUBE-AI/App/network_data_params.o
LOAD ../Middlewares/ST/AI/Lib/NetworkRuntime810_CM4_GCC.a
START GROUP
LOAD /Applications/STM32CubeIDE.app/Contents/Eclipse/plugins/com.st.stm32cube.ide.mcu.externaltools.gnu-tools-for-stm32.13.3.rel1.macos64_1.0.100.202509120712/tools/bin/../lib/gcc/arm-none-eabi/13.3.1/../../../../arm-none-eabi/lib/thumb/v7e-m+fp/hard/libc_nano.a
LOAD /Applications/STM32CubeIDE.app/Contents/Eclipse/plugins/com.st.stm32cube.ide.mcu.externaltools.gnu-tools-for-stm32.13.3.rel1.macos64_1.0.100.202509120712/tools/bin/../lib/gcc/arm-none-eabi/13.3.1/../../../../arm-none-eabi/lib/thumb/v7e-m+fp/hard/libm.a
END GROUP
START GROUP
LOAD /Applications/STM32CubeIDE.app/Contents/Eclipse/plugins/com.st.stm32cube.ide.mcu.externaltools.gnu-tools-for-stm32.13.3.rel1.macos64_1.0.100.202509120712/tools/bin/../lib/gcc/arm-none-eabi/13.3.1/thumb/v7e-m+fp/hard/libgcc.a
LOAD /Applications/STM32CubeIDE.app/Contents/Eclipse/plugins/com.st.stm32cube.ide.mcu.externaltools.gnu-tools-for-stm32.13.3.rel1.macos64_1.0.100.202509120712/tools/bin/../lib/gcc/arm-none-eabi/13.3.1/../../../../arm-none-eabi/lib/thumb/v7e-m+fp/hard/libc_nano.a
END GROUP
START GROUP
LOAD /Applications/STM32CubeIDE.app/Contents/Eclipse/plugins/com.st.stm32cube.ide.mcu.externaltools.gnu-tools-for-stm32.13.3.rel1.macos64_1.0.100.202509120712/tools/bin/../lib/gcc/arm-none-eabi/13.3.1/thumb/v7e-m+fp/hard/libgcc.a
LOAD /Applications/STM32CubeIDE.app/Contents/Eclipse/plugins/com.st.stm32cube.ide.mcu.externaltools.gnu-tools-for-stm32.13.3.rel1.macos64_1.0.100.202509120712/tools/bin/../lib/gcc/arm-none-eabi/13.3.1/../../../../arm-none-eabi/lib/thumb/v7e-m+fp/hard/libc_nano.a
LOAD /Applications/STM32CubeIDE.app/Contents/Eclipse/plugins/com.st.stm32cube.ide.mcu.externaltools.gnu-tools-for-stm32.13.3.rel1.macos64_1.0.100.202509120712/tools/bin/../lib/gcc/arm-none-eabi/13.3.1/../../../../arm-none-eabi/lib/thumb/v7e-m+fp/hard/libnosys.a
END GROUP
START GROUP
LOAD /Applications/STM32CubeIDE.app/Contents/Eclipse/plugins/com.st.stm32cube.ide.mcu.externaltools.gnu-tools-for-stm32.13.3.rel1.macos64_1.0.100.202509120712/tools/bin/../lib/gcc/arm-none-eabi/13.3.1/thumb/v7e-m+fp/hard/libgcc.a
LOAD /Applications/STM32CubeIDE.app/Contents/Eclipse/plugins/com.st.stm32cube.ide.mcu.externaltools.gnu-tools-for-stm32.13.3.rel1.macos64_1.0.100.202509120712/tools/bin/../lib/gcc/arm-none-eabi/13.3.1/../../../../arm-none-eabi/lib/thumb/v7e-m+fp/hard/libc_nano.a
LOAD /Applications/STM32CubeIDE.app/Contents/Eclipse/plugins/com.st.stm32cube.ide.mcu.externaltools.gnu-tools-for-stm32.13.3.rel1.macos64_1.0.100.202509120712/tools/bin/../lib/gcc/arm-none-eabi/13.3.1/../../../../arm-none-eabi/lib/thumb/v7e-m+fp/hard/libnosys.a
END GROUP
LOAD /Applications/STM32CubeIDE.app/Contents/Eclipse/plugins/com.st.stm32cube.ide.mcu.externaltools.gnu-tools-for-stm32.13.3.rel1.macos64_1.0.100.202509120712/tools/bin/../lib/gcc/arm-none-eabi/13.3.1/thumb/v7e-m+fp/hard/crtend.o
LOAD /Applications/STM32CubeIDE.app/Contents/Eclipse/plugins/com.st.stm32cube.ide.mcu.externaltools.gnu-tools-for-stm32.13.3.rel1.macos64_1.0.100.202509120712/tools/bin/../lib/gcc/arm-none-eabi/13.3.1/thumb/v7e-m+fp/hard/crtn.o
                0x2001c000                        _estack = (ORIGIN (RAM) + LENGTH (RAM))
                0x00000800                        _Min_Heap_Size = 0x800
                0x00000800                        _Min_Stack_Size = 0x800

.isr_vector     0x08000000      0x188
                0x08000000                        . = ALIGN (0x4)
 *(.isr_vector)
 .isr_vector    0x08000000      0x188 ./Core/Startup/startup_stm32f407zgtx.o
                0x08000000                g_pfnVectors
                0x08000188                        . = ALIGN (0x4)

.text           0x08000190     0xe300
                0x08000190                        . = ALIGN (0x4)
 *(.text)
 .text          0x08000190       0x40 /Applications/STM32CubeIDE.app/Contents/Eclipse/plugins/com.st.stm32cube.ide.mcu.externaltools.gnu-tools-for-stm32.13.3.rel1.macos64_1.0.100.202509120712/tools/bin/../lib/gcc/arm-none-eabi/13.3.1/thumb/v7e-m+fp/hard/crtbegin.o
 .text          0x080001d0       0xa0 /Applications/STM32CubeIDE.app/Contents/Eclipse/plugins/com.st.stm32cube.ide.mcu.externaltools.gnu-tools-for-stm32.13.3.rel1.macos64_1.0.100.202509120712/tools/bin/../lib/gcc/arm-none-eabi/13.3.1/../../../../arm-none-eabi/lib/thumb/v7e-m+fp/hard/libc_nano.a(libc_a-memchr.o)
                0x080001d0                memchr
 .text          0x08000270       0x10 /Applications/STM32CubeIDE.app/Contents/Eclipse/plugins/com.st.stm32cube.ide.mcu.externaltools.gnu-tools-for-stm32.13.3.rel1.macos64_1.0.100.202509120712/tools/bin/../lib/gcc/arm-none-eabi/13.3.1/../../../../arm-none-eabi/lib/thumb/v7e-m+fp/hard/libc_nano.a(libc_a-strlen.o)
                0x08000270                strlen
 .text          0x08000280      0x378 /Applications/STM32CubeIDE.app/Contents/Eclipse/plugins/com.st.stm32cube.ide.mcu.externaltools.gnu-tools-for-stm32.13.3.rel1.macos64_1.0.100.202509120712/tools/bin/../lib/gcc/arm-none-eabi/13.3.1/thumb/v7e-m+fp/hard/libgcc.a(_arm_addsubdf3.o)
                0x08000280                __aeabi_drsub
                0x08000288                __subdf3
                0x08000288                __aeabi_dsub
                0x0800028c                __aeabi_dadd
                0x0800028c                __adddf3
                0x08000504                __aeabi_ui2d
                0x08000504                __floatunsidf
                0x08000524                __floatsidf
                0x08000524                __aeabi_i2d
                0x08000548                __extendsfdf2
                0x08000548                __aeabi_f2d
                0x0800058c                __aeabi_ul2d
                0x0800058c                __floatundidf
                0x0800059c                __aeabi_l2d
                0x0800059c                __floatdidf
 .text          0x080005f8      0x424 /Applications/STM32CubeIDE.app/Contents/Eclipse/plugins/com.st.stm32cube.ide.mcu.externaltools.gnu-tools-for-stm32.13.3.rel1.macos64_1.0.100.202509120712/tools/bin/../lib/gcc/arm-none-eabi/13.3.1/thumb/v7e-m+fp/hard/libgcc.a(_arm_muldivdf3.o)
                0x080005f8                __aeabi_dmul
                0x080005f8                __muldf3
                0x0800084c                __aeabi_ddiv
                0x0800084c                __divdf3
 .text          0x08000a1c      0x110 /Applications/STM32CubeIDE.app/Contents/Eclipse/plugins/com.st.stm32cube.ide.mcu.externaltools.gnu-tools-for-stm32.13.3.rel1.macos64_1.0.100.202509120712/tools/bin/../lib/gcc/arm-none-eabi/13.3.1/thumb/v7e-m+fp/hard/libgcc.a(_arm_cmpdf2.o)
                0x08000a1c                __gedf2
                0x08000a1c                __gtdf2
                0x08000a24                __ledf2
                0x08000a24                __ltdf2
                0x08000a2c                __cmpdf2
                0x08000a2c                __eqdf2
                0x08000a2c                __nedf2
                0x08000aa8                __aeabi_cdrcmple
                0x08000ab8                __aeabi_cdcmple
                0x08000ab8                __aeabi_cdcmpeq
                0x08000ac8                __aeabi_dcmpeq
                0x08000adc                __aeabi_dcmplt
                0x08000af0                __aeabi_dcmple
                0x08000b04                __aeabi_dcmpge
                0x08000b18                __aeabi_dcmpgt
 .text          0x08000b2c       0x2c /Applications/STM32CubeIDE.app/Contents/Eclipse/plugins/com.st.stm32cube.ide.mcu.externaltools.gnu-tools-for-stm32.13.3.rel1.macos64_1.0.100.202509120712/tools/bin/../lib/gcc/arm-none-eabi/13.3.1/thumb/v7e-m+fp/hard/libgcc.a(_arm_unorddf2.o)
                0x08000b2c                __aeabi_dcmpun
                0x08000b2c                __unorddf2
 .text          0x08000b58       0x50 /Applications/STM32CubeIDE.app/Contents/Eclipse/plugins/com.st.stm32cube.ide.mcu.externaltools.gnu-tools-for-stm32.13.3.rel1.macos64_1.0.100.202509120712/tools/bin/../lib/gcc/arm-none-eabi/13.3.1/thumb/v7e-m+fp/hard/libgcc.a(_arm_fixdfsi.o)
                0x08000b58                __fixdfsi
                0x08000b58                __aeabi_d2iz
 .text          0x08000ba8       0x30 /Applications/STM32CubeIDE.app/Contents/Eclipse/plugins/com.st.stm32cube.ide.mcu.externaltools.gnu-tools-for-stm32.13.3.rel1.macos64_1.0.100.202509120712/tools/bin/../lib/gcc/arm-none-eabi/13.3.1/thumb/v7e-m+fp/hard/libgcc.a(_aeabi_uldivmod.o)
                0x08000ba8                __aeabi_uldivmod
 .text          0x08000bd8      0x2f8 /Applications/STM32CubeIDE.app/Contents/Eclipse/plugins/com.st.stm32cube.ide.mcu.externaltools.gnu-tools-for-stm32.13.3.rel1.macos64_1.0.100.202509120712/tools/bin/../lib/gcc/arm-none-eabi/13.3.1/thumb/v7e-m+fp/hard/libgcc.a(_udivmoddi4.o)
                0x08000bd8                __udivmoddi4
 .text          0x08000ed0        0x4 /Applications/STM32CubeIDE.app/Contents/Eclipse/plugins/com.st.stm32cube.ide.mcu.externaltools.gnu-tools-for-stm32.13.3.rel1.macos64_1.0.100.202509120712/tools/bin/../lib/gcc/arm-none-eabi/13.3.1/thumb/v7e-m+fp/hard/libgcc.a(_dvmd_tls.o)
                0x08000ed0                __aeabi_ldiv0
                0x08000ed0                __aeabi_idiv0
 *(.text*)
 .text.main     0x08000ed4       0x8c ./Core/Src/main.o
                0x08000ed4                main
 .text.SystemClock_Config
                0x08000f60       0xd4 ./Core/Src/main.o
                0x08000f60                SystemClock_Config
 .text.MX_CRC_Init
                0x08001034       0x28 ./Core/Src/main.o
 .text.MX_USART1_UART_Init
                0x0800105c       0x54 ./Core/Src/main.o
 .text.MX_GPIO_Init
                0x080010b0       0x50 ./Core/Src/main.o
 .text.HAL_UART_RxCpltCallback
                0x08001100       0x74 ./Core/Src/main.o
                0x08001100                HAL_UART_RxCpltCallback
 .text.Uart_send
                0x08001174       0x2c ./Core/Src/main.o
                0x08001174                Uart_send
 .text.Error_Handler
                0x080011a0        0xc ./Core/Src/main.o
                0x080011a0                Error_Handler
 .text.HAL_MspInit
                0x080011ac       0x50 ./Core/Src/stm32f4xx_hal_msp.o
                0x080011ac                HAL_MspInit
 .text.HAL_CRC_MspInit
                0x080011fc       0x44 ./Core/Src/stm32f4xx_hal_msp.o
                0x080011fc                HAL_CRC_MspInit
 .text.HAL_UART_MspInit
                0x08001240       0xa0 ./Core/Src/stm32f4xx_hal_msp.o
                0x08001240                HAL_UART_MspInit
 .text.NMI_Handler
                0x080012e0        0x8 ./Core/Src/stm32f4xx_it.o
                0x080012e0                NMI_Handler
 .text.HardFault_Handler
                0x080012e8        0x8 ./Core/Src/stm32f4xx_it.o
                0x080012e8                HardFault_Handler
 .text.MemManage_Handler
                0x080012f0        0x8 ./Core/Src/stm32f4xx_it.o
                0x080012f0                MemManage_Handler
 .text.BusFault_Handler
                0x080012f8        0x8 ./Core/Src/stm32f4xx_it.o
                0x080012f8                BusFault_Handler
 .text.UsageFault_Handler
                0x08001300        0x8 ./Core/Src/stm32f4xx_it.o
                0x08001300                UsageFault_Handler
 .text.SVC_Handler
                0x08001308        0xe ./Core/Src/stm32f4xx_it.o
                0x08001308                SVC_Handler
 .text.DebugMon_Handler
                0x08001316        0xe ./Core/Src/stm32f4xx_it.o
                0x08001316                DebugMon_Handler
 .text.PendSV_Handler
                0x08001324        0xe ./Core/Src/stm32f4xx_it.o
                0x08001324                PendSV_Handler
 .text.SysTick_Handler
                0x08001332        0xc ./Core/Src/stm32f4xx_it.o
                0x08001332                SysTick_Handler
 *fill*         0x0800133e        0x2 
 .text.USART1_IRQHandler
                0x08001340       0x14 ./Core/Src/stm32f4xx_it.o
                0x08001340                USART1_IRQHandler
 .text._sbrk    0x08001354       0x6c ./Core/Src/sysmem.o
                0x08001354                _sbrk
 .text.SystemInit
                0x080013c0       0x24 ./Core/Src/system_stm32f4xx.o
                0x080013c0                SystemInit
 .text.Reset_Handler
                0x080013e4       0x50 ./Core/Startup/startup_stm32f407zgtx.o
                0x080013e4                Reset_Handler
 .text.Default_Handler
                0x08001434        0x2 ./Core/Startup/startup_stm32f407zgtx.o
                0x08001434                DMA1_Stream3_IRQHandler
                0x08001434                HASH_RNG_IRQHandler
                0x08001434                EXTI2_IRQHandler
                0x08001434                TIM8_CC_IRQHandler
                0x08001434                TIM1_CC_IRQHandler
                0x08001434                DMA2_Stream5_IRQHandler
                0x08001434                DMA1_Stream5_IRQHandler
                0x08001434                PVD_IRQHandler
                0x08001434                SDIO_IRQHandler
                0x08001434                TAMP_STAMP_IRQHandler
                0x08001434                CAN2_RX1_IRQHandler
                0x08001434                EXTI3_IRQHandler
                0x08001434                TIM8_TRG_COM_TIM14_IRQHandler
                0x08001434                TIM1_UP_TIM10_IRQHandler
                0x08001434                TIM8_UP_TIM13_IRQHandler
                0x08001434                I2C3_ER_IRQHandler
                0x08001434                EXTI0_IRQHandler
                0x08001434                I2C2_EV_IRQHandler
                0x08001434                DMA1_Stream2_IRQHandler
                0x08001434                CAN1_RX0_IRQHandler
                0x08001434                FPU_IRQHandler
                0x08001434                OTG_HS_WKUP_IRQHandler
                0x08001434                CAN2_SCE_IRQHandler
                0x08001434                DMA2_Stream2_IRQHandler
                0x08001434                SPI1_IRQHandler
                0x08001434                TIM6_DAC_IRQHandler
                0x08001434                TIM1_BRK_TIM9_IRQHandler
                0x08001434                DCMI_IRQHandler
                0x08001434                CAN2_RX0_IRQHandler
                0x08001434                DMA2_Stream3_IRQHandler
                0x08001434                USART6_IRQHandler
                0x08001434                USART3_IRQHandler
                0x08001434                CAN1_RX1_IRQHandler
                0x08001434                UART5_IRQHandler
                0x08001434                DMA2_Stream0_IRQHandler
                0x08001434                TIM4_IRQHandler
                0x08001434                I2C1_EV_IRQHandler
                0x08001434                DMA1_Stream6_IRQHandler
                0x08001434                DMA1_Stream1_IRQHandler
                0x08001434                UART4_IRQHandler
                0x08001434                TIM3_IRQHandler
                0x08001434                RCC_IRQHandler
                0x08001434                TIM8_BRK_TIM12_IRQHandler
                0x08001434                Default_Handler
                0x08001434                EXTI15_10_IRQHandler
                0x08001434                ADC_IRQHandler
                0x08001434                DMA1_Stream7_IRQHandler
                0x08001434                TIM7_IRQHandler
                0x08001434                CAN2_TX_IRQHandler
                0x08001434                TIM5_IRQHandler
                0x08001434                DMA2_Stream7_IRQHandler
                0x08001434                I2C3_EV_IRQHandler
                0x08001434                EXTI9_5_IRQHandler
                0x08001434                RTC_WKUP_IRQHandler
                0x08001434                ETH_WKUP_IRQHandler
                0x08001434                SPI2_IRQHandler
                0x08001434                OTG_HS_EP1_IN_IRQHandler
                0x08001434                DMA1_Stream0_IRQHandler
                0x08001434                CAN1_TX_IRQHandler
                0x08001434                EXTI4_IRQHandler
                0x08001434                FSMC_IRQHandler
                0x08001434                ETH_IRQHandler
                0x08001434                OTG_HS_EP1_OUT_IRQHandler
                0x08001434                WWDG_IRQHandler
                0x08001434                TIM2_IRQHandler
                0x08001434                OTG_FS_WKUP_IRQHandler
                0x08001434                TIM1_TRG_COM_TIM11_IRQHandler
                0x08001434                OTG_HS_IRQHandler
                0x08001434                EXTI1_IRQHandler
                0x08001434                USART2_IRQHandler
                0x08001434                I2C2_ER_IRQHandler
                0x08001434                DMA2_Stream1_IRQHandler
                0x08001434                CAN1_SCE_IRQHandler
                0x08001434                FLASH_IRQHandler
                0x08001434                DMA2_Stream4_IRQHandler
                0x08001434                OTG_FS_IRQHandler
                0x08001434                SPI3_IRQHandler
                0x08001434                DMA1_Stream4_IRQHandler
                0x08001434                I2C1_ER_IRQHandler
                0x08001434                DMA2_Stream6_IRQHandler
                0x08001434                RTC_Alarm_IRQHandler
 *fill*         0x08001436        0x2 
 .text.HAL_Init
                0x08001438       0x44 ./Drivers/STM32F4xx_HAL_Driver/Src/stm32f4xx_hal.o
                0x08001438                HAL_Init
 .text.HAL_InitTick
                0x0800147c       0x60 ./Drivers/STM32F4xx_HAL_Driver/Src/stm32f4xx_hal.o
                0x0800147c                HAL_InitTick
 .text.HAL_IncTick
                0x080014dc       0x28 ./Drivers/STM32F4xx_HAL_Driver/Src/stm32f4xx_hal.o
                0x080014dc                HAL_IncTick
 .text.HAL_GetTick
                0x08001504       0x18 ./Drivers/STM32F4xx_HAL_Driver/Src/stm32f4xx_hal.o
                0x08001504                HAL_GetTick
 .text.__NVIC_SetPriorityGrouping
                0x0800151c       0x48 ./Drivers/STM32F4xx_HAL_Driver/Src/stm32f4xx_hal_cortex.o
 .text.__NVIC_GetPriorityGrouping
                0x08001564       0x1c ./Drivers/STM32F4xx_HAL_Driver/Src/stm32f4xx_hal_cortex.o
 .text.__NVIC_EnableIRQ
                0x08001580       0x3c ./Drivers/STM32F4xx_HAL_Driver/Src/stm32f4xx_hal_cortex.o
 .text.__NVIC_SetPriority
                0x080015bc       0x54 ./Drivers/STM32F4xx_HAL_Driver/Src/stm32f4xx_hal_cortex.o
 .text.NVIC_EncodePriority
                0x08001610       0x66 ./Drivers/STM32F4xx_HAL_Driver/Src/stm32f4xx_hal_cortex.o
 *fill*         0x08001676        0x2 
 .text.SysTick_Config
                0x08001678       0x44 ./Drivers/STM32F4xx_HAL_Driver/Src/stm32f4xx_hal_cortex.o
 .text.HAL_NVIC_SetPriorityGrouping
                0x080016bc       0x16 ./Drivers/STM32F4xx_HAL_Driver/Src/stm32f4xx_hal_cortex.o
                0x080016bc                HAL_NVIC_SetPriorityGrouping
 .text.HAL_NVIC_SetPriority
                0x080016d2       0x38 ./Drivers/STM32F4xx_HAL_Driver/Src/stm32f4xx_hal_cortex.o
                0x080016d2                HAL_NVIC_SetPriority
 .text.HAL_NVIC_EnableIRQ
                0x0800170a       0x1c ./Drivers/STM32F4xx_HAL_Driver/Src/stm32f4xx_hal_cortex.o
                0x0800170a                HAL_NVIC_EnableIRQ
 .text.HAL_SYSTICK_Config
                0x08001726       0x18 ./Drivers/STM32F4xx_HAL_Driver/Src/stm32f4xx_hal_cortex.o
                0x08001726                HAL_SYSTICK_Config
 .text.HAL_CRC_Init
                0x0800173e       0x38 ./Drivers/STM32F4xx_HAL_Driver/Src/stm32f4xx_hal_crc.o
                0x0800173e                HAL_CRC_Init
 .text.HAL_DMA_Abort
                0x08001776       0xe0 ./Drivers/STM32F4xx_HAL_Driver/Src/stm32f4xx_hal_dma.o
                0x08001776                HAL_DMA_Abort
 .text.HAL_DMA_Abort_IT
                0x08001856       0x44 ./Drivers/STM32F4xx_HAL_Driver/Src/stm32f4xx_hal_dma.o
                0x08001856                HAL_DMA_Abort_IT
 *fill*         0x0800189a        0x2 
 .text.HAL_GPIO_Init
                0x0800189c      0x338 ./Drivers/STM32F4xx_HAL_Driver/Src/stm32f4xx_hal_gpio.o
                0x0800189c                HAL_GPIO_Init
 .text.HAL_RCC_OscConfig
                0x08001bd4      0x4f0 ./Drivers/STM32F4xx_HAL_Driver/Src/stm32f4xx_hal_rcc.o
                0x08001bd4                HAL_RCC_OscConfig
 .text.HAL_RCC_ClockConfig
                0x080020c4      0x1cc ./Drivers/STM32F4xx_HAL_Driver/Src/stm32f4xx_hal_rcc.o
                0x080020c4                HAL_RCC_ClockConfig
 .text.HAL_RCC_GetSysClockFreq
                0x08002290      0x20c ./Drivers/STM32F4xx_HAL_Driver/Src/stm32f4xx_hal_rcc.o
                0x08002290                HAL_RCC_GetSysClockFreq
 .text.HAL_RCC_GetHCLKFreq
                0x0800249c       0x18 ./Drivers/STM32F4xx_HAL_Driver/Src/stm32f4xx_hal_rcc.o
                0x0800249c                HAL_RCC_GetHCLKFreq
 .text.HAL_RCC_GetPCLK1Freq
                0x080024b4       0x28 ./Drivers/STM32F4xx_HAL_Driver/Src/stm32f4xx_hal_rcc.o
                0x080024b4                HAL_RCC_GetPCLK1Freq
 .text.HAL_RCC_GetPCLK2Freq
                0x080024dc       0x28 ./Drivers/STM32F4xx_HAL_Driver/Src/stm32f4xx_hal_rcc.o
                0x080024dc                HAL_RCC_GetPCLK2Freq
 .text.HAL_UART_Init
                0x08002504       0xa0 ./Drivers/STM32F4xx_HAL_Driver/Src/stm32f4xx_hal_uart.o
                0x08002504                HAL_UART_Init
 .text.HAL_UART_Transmit
                0x080025a4      0x116 ./Drivers/STM32F4xx_HAL_Driver/Src/stm32f4xx_hal_uart.o
                0x080025a4                HAL_UART_Transmit
 .text.HAL_UART_Receive_IT
                0x080026ba       0x4a ./Drivers/STM32F4xx_HAL_Driver/Src/stm32f4xx_hal_uart.o
                0x080026ba                HAL_UART_Receive_IT
 .text.HAL_UART_IRQHandler
                0x08002704      0x554 ./Drivers/STM32F4xx_HAL_Driver/Src/stm32f4xx_hal_uart.o
                0x08002704                HAL_UART_IRQHandler
 .text.HAL_UART_TxCpltCallback
                0x08002c58       0x14 ./Drivers/STM32F4xx_HAL_Driver/Src/stm32f4xx_hal_uart.o
                0x08002c58                HAL_UART_TxCpltCallback
 .text.HAL_UART_ErrorCallback
                0x08002c6c       0x14 ./Drivers/STM32F4xx_HAL_Driver/Src/stm32f4xx_hal_uart.o
                0x08002c6c                HAL_UART_ErrorCallback
 .text.HAL_UARTEx_RxEventCallback
                0x08002c80       0x18 ./Drivers/STM32F4xx_HAL_Driver/Src/stm32f4xx_hal_uart.o
                0x08002c80                HAL_UARTEx_RxEventCallback
 .text.UART_WaitOnFlagUntilTimeout
                0x08002c98       0xb2 ./Drivers/STM32F4xx_HAL_Driver/Src/stm32f4xx_hal_uart.o
 .text.UART_Start_Receive_IT
                0x08002d4a       0x74 ./Drivers/STM32F4xx_HAL_Driver/Src/stm32f4xx_hal_uart.o
                0x08002d4a                UART_Start_Receive_IT
 .text.UART_EndRxTransfer
                0x08002dbe       0xc6 ./Drivers/STM32F4xx_HAL_Driver/Src/stm32f4xx_hal_uart.o
 .text.UART_DMAAbortOnError
                0x08002e84       0x22 ./Drivers/STM32F4xx_HAL_Driver/Src/stm32f4xx_hal_uart.o
 .text.UART_Transmit_IT
                0x08002ea6       0xa0 ./Drivers/STM32F4xx_HAL_Driver/Src/stm32f4xx_hal_uart.o
 .text.UART_EndTransmit_IT
                0x08002f46       0x30 ./Drivers/STM32F4xx_HAL_Driver/Src/stm32f4xx_hal_uart.o
 .text.UART_Receive_IT
                0x08002f76      0x17c ./Drivers/STM32F4xx_HAL_Driver/Src/stm32f4xx_hal_uart.o
 *fill*         0x080030f2        0x2 
 .text.UART_SetConfig
                0x080030f4      0x4e8 ./Drivers/STM32F4xx_HAL_Driver/Src/stm32f4xx_hal_uart.o
 .text.emnist_letter_from_index
                0x080035dc       0x26 ./X-CUBE-AI/App/app_x-cube-ai.o
 *fill*         0x08003602        0x2 
 .text.ai_log_err
                0x08003604       0x44 ./X-CUBE-AI/App/app_x-cube-ai.o
 .text.ai_boostrap
                0x08003648       0xc8 ./X-CUBE-AI/App/app_x-cube-ai.o
 .text.ai_run   0x08003710       0x54 ./X-CUBE-AI/App/app_x-cube-ai.o
 .text.AI_SetBinaryImage
                0x08003764       0x64 ./X-CUBE-AI/App/app_x-cube-ai.o
                0x08003764                AI_SetBinaryImage
 .text.acquire_and_process_data
                0x080037c8       0xa4 ./X-CUBE-AI/App/app_x-cube-ai.o
                0x080037c8                acquire_and_process_data
 .text.post_process
                0x0800386c      0x27c ./X-CUBE-AI/App/app_x-cube-ai.o
                0x0800386c                post_process
 .text.MX_X_CUBE_AI_Init
                0x08003ae8       0x1c ./X-CUBE-AI/App/app_x-cube-ai.o
                0x08003ae8                MX_X_CUBE_AI_Init
 .text.MX_X_CUBE_AI_Process
                0x08003b04       0x74 ./X-CUBE-AI/App/app_x-cube-ai.o
                0x08003b04                MX_X_CUBE_AI_Process
 .text.network_configure_activations
                0x08003b78      0x1e4 ./X-CUBE-AI/App/network.o
 .text.network_configure_weights
                0x08003d5c      0x188 ./X-CUBE-AI/App/network.o
 .text.ai_network_get_error
                0x08003ee4       0x18 ./X-CUBE-AI/App/network.o
                0x08003ee4                ai_network_get_error
 .text.ai_network_create
                0x08003efc       0x2c ./X-CUBE-AI/App/network.o
                0x08003efc                ai_network_create
 .text.ai_network_create_and_init
                0x08003f28       0xe8 ./X-CUBE-AI/App/network.o
                0x08003f28                ai_network_create_and_init
 .text.ai_network_inputs_get
                0x08004010       0x34 ./X-CUBE-AI/App/network.o
                0x08004010                ai_network_inputs_get
 .text.ai_network_outputs_get
                0x08004044       0x34 ./X-CUBE-AI/App/network.o
                0x08004044                ai_network_outputs_get
 .text.ai_network_init
                0x08004078       0x78 ./X-CUBE-AI/App/network.o
                0x08004078                ai_network_init
 .text.ai_network_run
                0x080040f0       0x20 ./X-CUBE-AI/App/network.o
                0x080040f0                ai_network_run
 .text.ai_network_data_params_get
                0x08004110       0x50 ./X-CUBE-AI/App/network_data.o
                0x08004110                ai_network_data_params_get
 .text.ai_buffer_get_size
                0x08004160       0x68 ../Middlewares/ST/AI/Lib/NetworkRuntime810_CM4_GCC.a(ai_platform.o)
                0x08004160                ai_buffer_get_size
 .text.ai_buffer_array_sane
                0x080041c8       0x14 ../Middlewares/ST/AI/Lib/NetworkRuntime810_CM4_GCC.a(ai_platform.o)
                0x080041c8                ai_buffer_array_sane
 .text.ai_buffer_array_item_set_address
                0x080041dc       0x20 ../Middlewares/ST/AI/Lib/NetworkRuntime810_CM4_GCC.a(ai_platform.o)
                0x080041dc                ai_buffer_array_item_set_address
 .text._ai_platform_acquire_crc
                0x080041fc        0x4 ../Middlewares/ST/AI/Lib/NetworkRuntime810_CM4_GCC.a(ai_platform_interface.o)
                0x080041fc                _ai_platform_acquire_crc
 .text._ai_platform_release_crc
                0x08004200        0x4 ../Middlewares/ST/AI/Lib/NetworkRuntime810_CM4_GCC.a(ai_platform_interface.o)
                0x08004200                _ai_platform_release_crc
 .text.ai_platform_get_weights_map
                0x08004204       0xa8 ../Middlewares/ST/AI/Lib/NetworkRuntime810_CM4_GCC.a(ai_platform_interface.o)
                0x08004204                ai_platform_get_weights_map
 .text.ai_platform_get_activations_map
                0x080042ac       0xa8 ../Middlewares/ST/AI/Lib/NetworkRuntime810_CM4_GCC.a(ai_platform_interface.o)
                0x080042ac                ai_platform_get_activations_map
 .text.ai_platform_bind_network_params
                0x08004354       0x44 ../Middlewares/ST/AI/Lib/NetworkRuntime810_CM4_GCC.a(ai_platform_interface.o)
                0x08004354                ai_platform_bind_network_params
 .text.ai_platform_network_get_error
                0x08004398       0xdc ../Middlewares/ST/AI/Lib/NetworkRuntime810_CM4_GCC.a(ai_platform_interface.o)
                0x08004398                ai_platform_network_get_error
 .text.ai_platform_network_set_error
                0x08004474        0xc ../Middlewares/ST/AI/Lib/NetworkRuntime810_CM4_GCC.a(ai_platform_interface.o)
                0x08004474                ai_platform_network_set_error
 .text.ai_platform_inputs_get
                0x08004480      0x1ac ../Middlewares/ST/AI/Lib/NetworkRuntime810_CM4_GCC.a(ai_platform_interface.o)
                0x08004480                ai_platform_inputs_get
 .text.ai_platform_outputs_get
                0x0800462c      0x1a0 ../Middlewares/ST/AI/Lib/NetworkRuntime810_CM4_GCC.a(ai_platform_interface.o)
                0x0800462c                ai_platform_outputs_get
 .text.ai_platform_network_create
                0x080047cc      0x1ac ../Middlewares/ST/AI/Lib/NetworkRuntime810_CM4_GCC.a(ai_platform_interface.o)
                0x080047cc                ai_platform_network_create
 .text.ai_platform_network_init
                0x08004978      0x1dc ../Middlewares/ST/AI/Lib/NetworkRuntime810_CM4_GCC.a(ai_platform_interface.o)
                0x08004978                ai_platform_network_init
 .text.ai_platform_network_post_init
                0x08004b54      0x110 ../Middlewares/ST/AI/Lib/NetworkRuntime810_CM4_GCC.a(ai_platform_interface.o)
                0x08004b54                ai_platform_network_post_init
 .text.ai_platform_network_process
                0x08004c64      0x508 ../Middlewares/ST/AI/Lib/NetworkRuntime810_CM4_GCC.a(ai_platform_interface.o)
                0x08004c64                ai_platform_network_process
 .text.core_init
                0x0800516c        0x4 ../Middlewares/ST/AI/Lib/NetworkRuntime810_CM4_GCC.a(core_common.o)
                0x0800516c                core_init
 .text.core_get_error
                0x08005170        0xc ../Middlewares/ST/AI/Lib/NetworkRuntime810_CM4_GCC.a(core_common.o)
                0x08005170                core_get_error
 .text.core_set_error
                0x0800517c       0x18 ../Middlewares/ST/AI/Lib/NetworkRuntime810_CM4_GCC.a(core_common.o)
                0x0800517c                core_set_error
 .text.node_convert_integer
                0x08005194      0x228 ../Middlewares/ST/AI/Lib/NetworkRuntime810_CM4_GCC.a(core_convert.o)
                0x08005194                node_convert_integer
 .text.ai_check_custom_types
                0x080053bc       0x54 ../Middlewares/ST/AI/Lib/NetworkRuntime810_CM4_GCC.a(layers.o)
                0x080053bc                ai_check_custom_types
 .text.ai_layers_init_all
                0x08005410       0x1c ../Middlewares/ST/AI/Lib/NetworkRuntime810_CM4_GCC.a(layers.o)
                0x08005410                ai_layers_init_all
 .text.ai_layers_post_init_all
                0x0800542c       0x28 ../Middlewares/ST/AI/Lib/NetworkRuntime810_CM4_GCC.a(layers.o)
                0x0800542c                ai_layers_post_init_all
 .text.ai_layers_forward_all
                0x08005454       0x94 ../Middlewares/ST/AI/Lib/NetworkRuntime810_CM4_GCC.a(layers.o)
                0x08005454                ai_layers_forward_all
 .text.func_dummy
                0x080054e8        0x4 ../Middlewares/ST/AI/Lib/NetworkRuntime810_CM4_GCC.a(layers_conv2d_sssa8_ch.o)
 .text.forward_conv2d_deep_3x3_sssa8_ch
                0x080054ec      0x2b0 ../Middlewares/ST/AI/Lib/NetworkRuntime810_CM4_GCC.a(layers_conv2d_sssa8_ch.o)
                0x080054ec                forward_conv2d_deep_3x3_sssa8_ch
 .text.forward_conv2d_deep_3x3_sssa8_ch_nl_pool
                0x0800579c      0x4dc ../Middlewares/ST/AI/Lib/NetworkRuntime810_CM4_GCC.a(layers_conv2d_sssa8_ch.o)
                0x0800579c                forward_conv2d_deep_3x3_sssa8_ch_nl_pool
 .text.forward_conv2d_sssa8_ch_nl_pool
                0x08005c78      0x54c ../Middlewares/ST/AI/Lib/NetworkRuntime810_CM4_GCC.a(layers_conv2d_sssa8_ch.o)
                0x08005c78                forward_conv2d_sssa8_ch_nl_pool
 .text.forward_dense_integer_SSSA_ch
                0x080061c4      0x2b4 ../Middlewares/ST/AI/Lib/NetworkRuntime810_CM4_GCC.a(layers_conv2d_stm32_integer.o)
                0x080061c4                forward_dense_integer_SSSA_ch
 .text.forward_pad
                0x08006478       0x20 ../Middlewares/ST/AI/Lib/NetworkRuntime810_CM4_GCC.a(layers_generic_float.o)
                0x08006478                forward_pad
 .text.forward_pad_8bit_ch1st_3x3_constant
                0x08006498       0x64 ../Middlewares/ST/AI/Lib/NetworkRuntime810_CM4_GCC.a(layers_pad_generic.o)
                0x08006498                forward_pad_8bit_ch1st_3x3_constant
 .text.forward_pad_constant
                0x080064fc       0x94 ../Middlewares/ST/AI/Lib/NetworkRuntime810_CM4_GCC.a(layers_pad_generic.o)
                0x080064fc                forward_pad_constant
 .text.forward_pad_edge
                0x08006590       0x84 ../Middlewares/ST/AI/Lib/NetworkRuntime810_CM4_GCC.a(layers_pad_generic.o)
                0x08006590                forward_pad_edge
 .text.forward_pad_reflect
                0x08006614       0xa4 ../Middlewares/ST/AI/Lib/NetworkRuntime810_CM4_GCC.a(layers_pad_generic.o)
                0x08006614                forward_pad_reflect
 .text.pool_func_mp_array_integer_INT8
                0x080066b8      0x1d4 ../Middlewares/ST/AI/Lib/NetworkRuntime810_CM4_GCC.a(layers_pool_stm32_integer.o)
                0x080066b8                pool_func_mp_array_integer_INT8
 .text.forward_ap_integer_INT8
                0x0800688c      0x1e4 ../Middlewares/ST/AI/Lib/NetworkRuntime810_CM4_GCC.a(layers_pool_stm32_integer.o)
                0x0800688c                forward_ap_integer_INT8
 .text.forward_lite_conv2d_deep_3x3_sssa8_ch
                0x08006a70       0xb4 ../Middlewares/ST/AI/Lib/NetworkRuntime810_CM4_GCC.a(forward_lite_conv2d_sssa8_ch.o)
                0x08006a70                forward_lite_conv2d_deep_3x3_sssa8_ch
 .text.forward_lite_conv2d_sssa8_ch
                0x08006b24      0xb94 ../Middlewares/ST/AI/Lib/NetworkRuntime810_CM4_GCC.a(forward_lite_conv2d_sssa8_ch.o)
                0x08006b24                forward_lite_conv2d_sssa8_ch
 .text.forward_lite_node_convert_integer_iu8ou8
                0x080076b8       0x54 ../Middlewares/ST/AI/Lib/NetworkRuntime810_CM4_GCC.a(forward_lite_convert.o)
                0x080076b8                forward_lite_node_convert_integer_iu8ou8
 .text.forward_lite_node_convert_integer_iu8os8
                0x0800770c       0x80 ../Middlewares/ST/AI/Lib/NetworkRuntime810_CM4_GCC.a(forward_lite_convert.o)
                0x0800770c                forward_lite_node_convert_integer_iu8os8
 .text.forward_lite_node_convert_integer_iu8os8_fast
                0x0800778c       0x70 ../Middlewares/ST/AI/Lib/NetworkRuntime810_CM4_GCC.a(forward_lite_convert.o)
                0x0800778c                forward_lite_node_convert_integer_iu8os8_fast
 .text.forward_lite_node_convert_integer_is8ou8
                0x080077fc       0x54 ../Middlewares/ST/AI/Lib/NetworkRuntime810_CM4_GCC.a(forward_lite_convert.o)
                0x080077fc                forward_lite_node_convert_integer_is8ou8
 .text.forward_lite_node_convert_integer_is8ou8_fast
                0x08007850       0x68 ../Middlewares/ST/AI/Lib/NetworkRuntime810_CM4_GCC.a(forward_lite_convert.o)
                0x08007850                forward_lite_node_convert_integer_is8ou8_fast
 .text.forward_lite_maxpool_is8os8_scalepos
                0x080078b8      0x1c4 ../Middlewares/ST/AI/Lib/NetworkRuntime810_CM4_GCC.a(forward_lite_maxpool_is8os8.o)
                0x080078b8                forward_lite_maxpool_is8os8_scalepos
 .text.forward_lite_maxpool_is8os8_scaleneg
                0x08007a7c      0x1c0 ../Middlewares/ST/AI/Lib/NetworkRuntime810_CM4_GCC.a(forward_lite_maxpool_is8os8.o)
                0x08007a7c                forward_lite_maxpool_is8os8_scaleneg
 .text.forward_lite_pad_8bit_ch1st_3x3_constant
                0x08007c3c      0x17c ../Middlewares/ST/AI/Lib/NetworkRuntime810_CM4_GCC.a(forward_lite_pad_generic.o)
                0x08007c3c                forward_lite_pad_8bit_ch1st_3x3_constant
 .text.forward_lite_pad_constant
                0x08007db8      0x144 ../Middlewares/ST/AI/Lib/NetworkRuntime810_CM4_GCC.a(forward_lite_pad_generic.o)
                0x08007db8                forward_lite_pad_constant
 .text.forward_lite_pad_edge
                0x08007efc       0xe8 ../Middlewares/ST/AI/Lib/NetworkRuntime810_CM4_GCC.a(forward_lite_pad_generic.o)
                0x08007efc                forward_lite_pad_edge
 .text.forward_lite_pad_reflect
                0x08007fe4      0x14c ../Middlewares/ST/AI/Lib/NetworkRuntime810_CM4_GCC.a(forward_lite_pad_generic.o)
                0x08007fe4                forward_lite_pad_reflect
 .text.align_factor_ch
                0x08008130       0x60 ../Middlewares/ST/AI/Lib/NetworkRuntime810_CM4_GCC.a(st_convolve_reference.o)
                0x08008130                align_factor_ch
 .text.st_sssa8_ch_convolve_rank1upd
                0x08008190      0x11c ../Middlewares/ST/AI/Lib/NetworkRuntime810_CM4_GCC.a(st_sssa8_ch_convolve.o)
                0x08008190                st_sssa8_ch_convolve_rank1upd
 .text.st_sssa8_ch_fully_connected
                0x080082ac      0x53c ../Middlewares/ST/AI/Lib/NetworkRuntime810_CM4_GCC.a(st_sssa8_ch_dense.o)
                0x080082ac                st_sssa8_ch_fully_connected
 .text.st_int8_fill
                0x080087e8       0xb8 ../Middlewares/ST/AI/Lib/NetworkRuntime810_CM4_GCC.a(st_int8_fill.o)
                0x080087e8                st_int8_fill
 .text.st_int8_copy
                0x080088a0      0x10c ../Middlewares/ST/AI/Lib/NetworkRuntime810_CM4_GCC.a(st_int8_fill.o)
                0x080088a0                st_int8_copy
 .text.st_int8_reordered_no_shift_zero
                0x080089ac       0x6c ../Middlewares/ST/AI/Lib/NetworkRuntime810_CM4_GCC.a(st_int8_reordered_no_shift.o)
                0x080089ac                st_int8_reordered_no_shift_zero
 .text.st_int8_to16_no_shift
                0x08008a18       0xc0 ../Middlewares/ST/AI/Lib/NetworkRuntime810_CM4_GCC.a(st_int8_to16_no_shift.o)
                0x08008a18                st_int8_to16_no_shift
 .text.st_int8_to16_no_shift_interleaved
                0x08008ad8       0x84 ../Middlewares/ST/AI/Lib/NetworkRuntime810_CM4_GCC.a(st_int8_to16_no_shift.o)
                0x08008ad8                st_int8_to16_no_shift_interleaved
 .text.st_int8_to16_dual
                0x08008b5c      0x1d4 ../Middlewares/ST/AI/Lib/NetworkRuntime810_CM4_GCC.a(st_int8_to16_no_shift.o)
                0x08008b5c                st_int8_to16_dual
 .text.st_int8_to16_dual_interleaved
                0x08008d30      0x170 ../Middlewares/ST/AI/Lib/NetworkRuntime810_CM4_GCC.a(st_int8_to16_no_shift.o)
                0x08008d30                st_int8_to16_dual_interleaved
 .text.ai_padding_opt_init
                0x08008ea0       0xb0 ../Middlewares/ST/AI/Lib/NetworkRuntime810_CM4_GCC.a(st_padding_opt.o)
                0x08008ea0                ai_padding_opt_init
 .text.ai_padding_opt_phase1
                0x08008f50       0x34 ../Middlewares/ST/AI/Lib/NetworkRuntime810_CM4_GCC.a(st_padding_opt.o)
                0x08008f50                ai_padding_opt_phase1
 .text.st_sssa8_ch_nn_mat_mult_kernel_opt
                0x08008f84      0x7f8 ../Middlewares/ST/AI/Lib/NetworkRuntime810_CM4_GCC.a(st_sssa8_ch_nn_mat_mult_kernel_opt.o)
                0x08008f84                st_sssa8_ch_nn_mat_mult_kernel_opt
 .text.st_sssa8_ch_nn_mat_mult_kernel_single_opt
                0x0800977c      0x474 ../Middlewares/ST/AI/Lib/NetworkRuntime810_CM4_GCC.a(st_sssa8_ch_nn_mat_mult_kernel_opt.o)
                0x0800977c                st_sssa8_ch_nn_mat_mult_kernel_single_opt
 .text.weights_2channels_prefetch_3x3
                0x08009bf0      0x3d4 ../Middlewares/ST/AI/Lib/NetworkRuntime810_CM4_GCC.a(st_sssa8_ch_nn_mat_mult_nt_t.o)
                0x08009bf0                weights_2channels_prefetch_3x3
 .text.st_sssa8_ch_nn_mat_mult_conv2d_3x3_nt_t
                0x08009fc4      0xe04 ../Middlewares/ST/AI/Lib/NetworkRuntime810_CM4_GCC.a(st_sssa8_ch_nn_mat_mult_nt_t.o)
                0x08009fc4                st_sssa8_ch_nn_mat_mult_conv2d_3x3_nt_t
 .text.st_int8_avepool
                0x0800adc8      0x3fc ../Middlewares/ST/AI/Lib/NetworkRuntime810_CM4_GCC.a(st_int8_pool.o)
                0x0800adc8                st_int8_avepool
 .text.arm_fill_q15
                0x0800b1c4       0x5c ../Middlewares/ST/AI/Lib/NetworkRuntime810_CM4_GCC.a(arm_fill_q15.o)
                0x0800b1c4                arm_fill_q15
 .text.ai_array_to_buffer_fmt
                0x0800b220       0xd8 ../Middlewares/ST/AI/Lib/NetworkRuntime810_CM4_GCC.a(ai_datatypes_format.o)
                0x0800b220                ai_array_to_buffer_fmt
 .text.ai_array_get_byte_size
                0x0800b2f8       0x50 ../Middlewares/ST/AI/Lib/NetworkRuntime810_CM4_GCC.a(ai_datatypes_format.o)
                0x0800b2f8                ai_array_get_byte_size
 .text.ai_array_get_data_byte_size
                0x0800b348       0x24 ../Middlewares/ST/AI/Lib/NetworkRuntime810_CM4_GCC.a(ai_datatypes_format.o)
                0x0800b348                ai_array_get_data_byte_size
 .text.ai_version_get
                0x0800b36c        0xc ../Middlewares/ST/AI/Lib/NetworkRuntime810_CM4_GCC.a(ai_datatypes_internal.o)
                0x0800b36c                ai_version_get
 .text.get_tensor_byte_size
                0x0800b378       0x30 ../Middlewares/ST/AI/Lib/NetworkRuntime810_CM4_GCC.a(ai_datatypes_internal.o)
                0x0800b378                get_tensor_byte_size
 .text.core_tensor_clone
                0x0800b3a8       0x64 ../Middlewares/ST/AI/Lib/NetworkRuntime810_CM4_GCC.a(core_utils.o)
                0x0800b3a8                core_tensor_clone
 .text.core_array_clone
                0x0800b40c        0xc ../Middlewares/ST/AI/Lib/NetworkRuntime810_CM4_GCC.a(core_utils.o)
                0x0800b40c                core_array_clone
 .text.__cvt    0x0800b418       0xca /Applications/STM32CubeIDE.app/Contents/Eclipse/plugins/com.st.stm32cube.ide.mcu.externaltools.gnu-tools-for-stm32.13.3.rel1.macos64_1.0.100.202509120712/tools/bin/../lib/gcc/arm-none-eabi/13.3.1/../../../../arm-none-eabi/lib/thumb/v7e-m+fp/hard/libc_nano.a(libc_a-nano-vfprintf_float.o)
                0x0800b418                __cvt
 .text.__exponent
                0x0800b4e2       0x74 /Applications/STM32CubeIDE.app/Contents/Eclipse/plugins/com.st.stm32cube.ide.mcu.externaltools.gnu-tools-for-stm32.13.3.rel1.macos64_1.0.100.202509120712/tools/bin/../lib/gcc/arm-none-eabi/13.3.1/../../../../arm-none-eabi/lib/thumb/v7e-m+fp/hard/libc_nano.a(libc_a-nano-vfprintf_float.o)
                0x0800b4e2                __exponent
 *fill*         0x0800b556        0x2 
 .text._printf_float
                0x0800b558      0x454 /Applications/STM32CubeIDE.app/Contents/Eclipse/plugins/com.st.stm32cube.ide.mcu.externaltools.gnu-tools-for-stm32.13.3.rel1.macos64_1.0.100.202509120712/tools/bin/../lib/gcc/arm-none-eabi/13.3.1/../../../../arm-none-eabi/lib/thumb/v7e-m+fp/hard/libc_nano.a(libc_a-nano-vfprintf_float.o)
                0x0800b558                _printf_float
 .text.malloc   0x0800b9ac       0x10 /Applications/STM32CubeIDE.app/Contents/Eclipse/plugins/com.st.stm32cube.ide.mcu.externaltools.gnu-tools-for-stm32.13.3.rel1.macos64_1.0.100.202509120712/tools/bin/../lib/gcc/arm-none-eabi/13.3.1/../../../../arm-none-eabi/lib/thumb/v7e-m+fp/hard/libc_nano.a(libc_a-malloc.o)
                0x0800b9ac                malloc
 .text.sbrk_aligned
                0x0800b9bc       0x44 /Applications/STM32CubeIDE.app/Contents/Eclipse/plugins/com.st.stm32cube.ide.mcu.externaltools.gnu-tools-for-stm32.13.3.rel1.macos64_1.0.100.202509120712/tools/bin/../lib/gcc/arm-none-eabi/13.3.1/../../../../arm-none-eabi/lib/thumb/v7e-m+fp/hard/libc_nano.a(libc_a-mallocr.o)
 .text._malloc_r
                0x0800ba00      0x100 /Applications/STM32CubeIDE.app/Contents/Eclipse/plugins/com.st.stm32cube.ide.mcu.externaltools.gnu-tools-for-stm32.13.3.rel1.macos64_1.0.100.202509120712/tools/bin/../lib/gcc/arm-none-eabi/13.3.1/../../../../arm-none-eabi/lib/thumb/v7e-m+fp/hard/libc_nano.a(libc_a-mallocr.o)
                0x0800ba00                _malloc_r
 .text._printf_common
                0x0800bb00       0xda /Applications/STM32CubeIDE.app/Contents/Eclipse/plugins/com.st.stm32cube.ide.mcu.externaltools.gnu-tools-for-stm32.13.3.rel1.macos64_1.0.100.202509120712/tools/bin/../lib/gcc/arm-none-eabi/13.3.1/../../../../arm-none-eabi/lib/thumb/v7e-m+fp/hard/libc_nano.a(libc_a-nano-vfprintf_i.o)
                0x0800bb00                _printf_common
 *fill*         0x0800bbda        0x2 
 .text._printf_i
                0x0800bbdc      0x23c /Applications/STM32CubeIDE.app/Contents/Eclipse/plugins/com.st.stm32cube.ide.mcu.externaltools.gnu-tools-for-stm32.13.3.rel1.macos64_1.0.100.202509120712/tools/bin/../lib/gcc/arm-none-eabi/13.3.1/../../../../arm-none-eabi/lib/thumb/v7e-m+fp/hard/libc_nano.a(libc_a-nano-vfprintf_i.o)
                0x0800bbdc                _printf_i
 .text.__malloc_lock
                0x0800be18        0xc /Applications/STM32CubeIDE.app/Contents/Eclipse/plugins/com.st.stm32cube.ide.mcu.externaltools.gnu-tools-for-stm32.13.3.rel1.macos64_1.0.100.202509120712/tools/bin/../lib/gcc/arm-none-eabi/13.3.1/../../../../arm-none-eabi/lib/thumb/v7e-m+fp/hard/libc_nano.a(libc_a-mlock.o)
                0x0800be18                __malloc_lock
 .text.__malloc_unlock
                0x0800be24        0xc /Applications/STM32CubeIDE.app/Contents/Eclipse/plugins/com.st.stm32cube.ide.mcu.externaltools.gnu-tools-for-stm32.13.3.rel1.macos64_1.0.100.202509120712/tools/bin/../lib/gcc/arm-none-eabi/13.3.1/../../../../arm-none-eabi/lib/thumb/v7e-m+fp/hard/libc_nano.a(libc_a-mlock.o)
                0x0800be24                __malloc_unlock
 .text.sprintf  0x0800be30       0x44 /Applications/STM32CubeIDE.app/Contents/Eclipse/plugins/com.st.stm32cube.ide.mcu.externaltools.gnu-tools-for-stm32.13.3.rel1.macos64_1.0.100.202509120712/tools/bin/../lib/gcc/arm-none-eabi/13.3.1/../../../../arm-none-eabi/lib/thumb/v7e-m+fp/hard/libc_nano.a(libc_a-sprintf.o)
                0x0800be30                sprintf
                0x0800be30                siprintf
 .text.std      0x0800be74       0x6c /Applications/STM32CubeIDE.app/Contents/Eclipse/plugins/com.st.stm32cube.ide.mcu.externaltools.gnu-tools-for-stm32.13.3.rel1.macos64_1.0.100.202509120712/tools/bin/../lib/gcc/arm-none-eabi/13.3.1/../../../../arm-none-eabi/lib/thumb/v7e-m+fp/hard/libc_nano.a(libc_a-findfp.o)
 .text.stdio_exit_handler
                0x0800bee0       0x18 /Applications/STM32CubeIDE.app/Contents/Eclipse/plugins/com.st.stm32cube.ide.mcu.externaltools.gnu-tools-for-stm32.13.3.rel1.macos64_1.0.100.202509120712/tools/bin/../lib/gcc/arm-none-eabi/13.3.1/../../../../arm-none-eabi/lib/thumb/v7e-m+fp/hard/libc_nano.a(libc_a-findfp.o)
 .text.cleanup_stdio
                0x0800bef8       0x40 /Applications/STM32CubeIDE.app/Contents/Eclipse/plugins/com.st.stm32cube.ide.mcu.externaltools.gnu-tools-for-stm32.13.3.rel1.macos64_1.0.100.202509120712/tools/bin/../lib/gcc/arm-none-eabi/13.3.1/../../../../arm-none-eabi/lib/thumb/v7e-m+fp/hard/libc_nano.a(libc_a-findfp.o)
 .text.global_stdio_init.part.0
                0x0800bf38       0x3c /Applications/STM32CubeIDE.app/Contents/Eclipse/plugins/com.st.stm32cube.ide.mcu.externaltools.gnu-tools-for-stm32.13.3.rel1.macos64_1.0.100.202509120712/tools/bin/../lib/gcc/arm-none-eabi/13.3.1/../../../../arm-none-eabi/lib/thumb/v7e-m+fp/hard/libc_nano.a(libc_a-findfp.o)
 .text.__sfp_lock_acquire
                0x0800bf74        0xc /Applications/STM32CubeIDE.app/Contents/Eclipse/plugins/com.st.stm32cube.ide.mcu.externaltools.gnu-tools-for-stm32.13.3.rel1.macos64_1.0.100.202509120712/tools/bin/../lib/gcc/arm-none-eabi/13.3.1/../../../../arm-none-eabi/lib/thumb/v7e-m+fp/hard/libc_nano.a(libc_a-findfp.o)
                0x0800bf74                __sfp_lock_acquire
 .text.__sfp_lock_release
                0x0800bf80        0xc /Applications/STM32CubeIDE.app/Contents/Eclipse/plugins/com.st.stm32cube.ide.mcu.externaltools.gnu-tools-for-stm32.13.3.rel1.macos64_1.0.100.202509120712/tools/bin/../lib/gcc/arm-none-eabi/13.3.1/../../../../arm-none-eabi/lib/thumb/v7e-m+fp/hard/libc_nano.a(libc_a-findfp.o)
                0x0800bf80                __sfp_lock_release
 .text.__sinit  0x0800bf8c       0x30 /Applications/STM32CubeIDE.app/Contents/Eclipse/plugins/com.st.stm32cube.ide.mcu.externaltools.gnu-tools-for-stm32.13.3.rel1.macos64_1.0.100.202509120712/tools/bin/../lib/gcc/arm-none-eabi/13.3.1/../../../../arm-none-eabi/lib/thumb/v7e-m+fp/hard/libc_nano.a(libc_a-findfp.o)
                0x0800bf8c                __sinit
 .text._realloc_r
                0x0800bfbc       0x5c /Applications/STM32CubeIDE.app/Contents/Eclipse/plugins/com.st.stm32cube.ide.mcu.externaltools.gnu-tools-for-stm32.13.3.rel1.macos64_1.0.100.202509120712/tools/bin/../lib/gcc/arm-none-eabi/13.3.1/../../../../arm-none-eabi/lib/thumb/v7e-m+fp/hard/libc_nano.a(libc_a-reallocr.o)
                0x0800bfbc                _realloc_r
 .text._fwalk_sglue
                0x0800c018       0x3c /Applications/STM32CubeIDE.app/Contents/Eclipse/plugins/com.st.stm32cube.ide.mcu.externaltools.gnu-tools-for-stm32.13.3.rel1.macos64_1.0.100.202509120712/tools/bin/../lib/gcc/arm-none-eabi/13.3.1/../../../../arm-none-eabi/lib/thumb/v7e-m+fp/hard/libc_nano.a(libc_a-fwalk.o)
                0x0800c018                _fwalk_sglue
 .text.printf   0x0800c054       0x24 /Applications/STM32CubeIDE.app/Contents/Eclipse/plugins/com.st.stm32cube.ide.mcu.externaltools.gnu-tools-for-stm32.13.3.rel1.macos64_1.0.100.202509120712/tools/bin/../lib/gcc/arm-none-eabi/13.3.1/../../../../arm-none-eabi/lib/thumb/v7e-m+fp/hard/libc_nano.a(libc_a-printf.o)
                0x0800c054                printf
                0x0800c054                iprintf
 .text._puts_r  0x0800c078       0xaa /Applications/STM32CubeIDE.app/Contents/Eclipse/plugins/com.st.stm32cube.ide.mcu.externaltools.gnu-tools-for-stm32.13.3.rel1.macos64_1.0.100.202509120712/tools/bin/../lib/gcc/arm-none-eabi/13.3.1/../../../../arm-none-eabi/lib/thumb/v7e-m+fp/hard/libc_nano.a(libc_a-puts.o)
                0x0800c078                _puts_r
 *fill*         0x0800c122        0x2 
 .text.puts     0x0800c124       0x10 /Applications/STM32CubeIDE.app/Contents/Eclipse/plugins/com.st.stm32cube.ide.mcu.externaltools.gnu-tools-for-stm32.13.3.rel1.macos64_1.0.100.202509120712/tools/bin/../lib/gcc/arm-none-eabi/13.3.1/../../../../arm-none-eabi/lib/thumb/v7e-m+fp/hard/libc_nano.a(libc_a-puts.o)
                0x0800c124                puts
 .text.memmove  0x0800c134       0x34 /Applications/STM32CubeIDE.app/Contents/Eclipse/plugins/com.st.stm32cube.ide.mcu.externaltools.gnu-tools-for-stm32.13.3.rel1.macos64_1.0.100.202509120712/tools/bin/../lib/gcc/arm-none-eabi/13.3.1/../../../../arm-none-eabi/lib/thumb/v7e-m+fp/hard/libc_nano.a(libc_a-memmove.o)
                0x0800c134                memmove
 .text.memset   0x0800c168       0x10 /Applications/STM32CubeIDE.app/Contents/Eclipse/plugins/com.st.stm32cube.ide.mcu.externaltools.gnu-tools-for-stm32.13.3.rel1.macos64_1.0.100.202509120712/tools/bin/../lib/gcc/arm-none-eabi/13.3.1/../../../../arm-none-eabi/lib/thumb/v7e-m+fp/hard/libc_nano.a(libc_a-memset.o)
                0x0800c168                memset
 .text._sbrk_r  0x0800c178       0x20 /Applications/STM32CubeIDE.app/Contents/Eclipse/plugins/com.st.stm32cube.ide.mcu.externaltools.gnu-tools-for-stm32.13.3.rel1.macos64_1.0.100.202509120712/tools/bin/../lib/gcc/arm-none-eabi/13.3.1/../../../../arm-none-eabi/lib/thumb/v7e-m+fp/hard/libc_nano.a(libc_a-sbrkr.o)
                0x0800c178                _sbrk_r
 .text.__errno  0x0800c198        0xc /Applications/STM32CubeIDE.app/Contents/Eclipse/plugins/com.st.stm32cube.ide.mcu.externaltools.gnu-tools-for-stm32.13.3.rel1.macos64_1.0.100.202509120712/tools/bin/../lib/gcc/arm-none-eabi/13.3.1/../../../../arm-none-eabi/lib/thumb/v7e-m+fp/hard/libc_nano.a(libc_a-errno.o)
                0x0800c198                __errno
 .text.__libc_init_array
                0x0800c1a4       0x48 /Applications/STM32CubeIDE.app/Contents/Eclipse/plugins/com.st.stm32cube.ide.mcu.externaltools.gnu-tools-for-stm32.13.3.rel1.macos64_1.0.100.202509120712/tools/bin/../lib/gcc/arm-none-eabi/13.3.1/../../../../arm-none-eabi/lib/thumb/v7e-m+fp/hard/libc_nano.a(libc_a-init.o)
                0x0800c1a4                __libc_init_array
 .text.__retarget_lock_init_recursive
                0x0800c1ec        0x2 /Applications/STM32CubeIDE.app/Contents/Eclipse/plugins/com.st.stm32cube.ide.mcu.externaltools.gnu-tools-for-stm32.13.3.rel1.macos64_1.0.100.202509120712/tools/bin/../lib/gcc/arm-none-eabi/13.3.1/../../../../arm-none-eabi/lib/thumb/v7e-m+fp/hard/libc_nano.a(libc_a-lock.o)
                0x0800c1ec                __retarget_lock_init_recursive
 .text.__retarget_lock_acquire_recursive
                0x0800c1ee        0x2 /Applications/STM32CubeIDE.app/Contents/Eclipse/plugins/com.st.stm32cube.ide.mcu.externaltools.gnu-tools-for-stm32.13.3.rel1.macos64_1.0.100.202509120712/tools/bin/../lib/gcc/arm-none-eabi/13.3.1/../../../../arm-none-eabi/lib/thumb/v7e-m+fp/hard/libc_nano.a(libc_a-lock.o)
                0x0800c1ee                __retarget_lock_acquire_recursive
 .text.__retarget_lock_release_recursive
                0x0800c1f0        0x2 /Applications/STM32CubeIDE.app/Contents/Eclipse/plugins/com.st.stm32cube.ide.mcu.externaltools.gnu-tools-for-stm32.13.3.rel1.macos64_1.0.100.202509120712/tools/bin/../lib/gcc/arm-none-eabi/13.3.1/../../../../arm-none-eabi/lib/thumb/v7e-m+fp/hard/libc_nano.a(libc_a-lock.o)
                0x0800c1f0                __retarget_lock_release_recursive
 *fill*         0x0800c1f2        0x2 
 .text._localeconv_r
                0x0800c1f4        0x8 /Applications/STM32CubeIDE.app/Contents/Eclipse/plugins/com.st.stm32cube.ide.mcu.externaltools.gnu-tools-for-stm32.13.3.rel1.macos64_1.0.100.202509120712/tools/bin/../lib/gcc/arm-none-eabi/13.3.1/../../../../arm-none-eabi/lib/thumb/v7e-m+fp/hard/libc_nano.a(libc_a-localeconv.o)
                0x0800c1f4                _localeconv_r
 .text.memcpy   0x0800c1fc       0x1c /Applications/STM32CubeIDE.app/Contents/Eclipse/plugins/com.st.stm32cube.ide.mcu.externaltools.gnu-tools-for-stm32.13.3.rel1.macos64_1.0.100.202509120712/tools/bin/../lib/gcc/arm-none-eabi/13.3.1/../../../../arm-none-eabi/lib/thumb/v7e-m+fp/hard/libc_nano.a(libc_a-memcpy-stub.o)
                0x0800c1fc                memcpy
 .text.quorem   0x0800c218      0x110 /Applications/STM32CubeIDE.app/Contents/Eclipse/plugins/com.st.stm32cube.ide.mcu.externaltools.gnu-tools-for-stm32.13.3.rel1.macos64_1.0.100.202509120712/tools/bin/../lib/gcc/arm-none-eabi/13.3.1/../../../../arm-none-eabi/lib/thumb/v7e-m+fp/hard/libc_nano.a(libc_a-dtoa.o)
 .text._dtoa_r  0x0800c328      0xba0 /Applications/STM32CubeIDE.app/Contents/Eclipse/plugins/com.st.stm32cube.ide.mcu.externaltools.gnu-tools-for-stm32.13.3.rel1.macos64_1.0.100.202509120712/tools/bin/../lib/gcc/arm-none-eabi/13.3.1/../../../../arm-none-eabi/lib/thumb/v7e-m+fp/hard/libc_nano.a(libc_a-dtoa.o)
                0x0800c328                _dtoa_r
 .text._free_r  0x0800cec8       0x94 /Applications/STM32CubeIDE.app/Contents/Eclipse/plugins/com.st.stm32cube.ide.mcu.externaltools.gnu-tools-for-stm32.13.3.rel1.macos64_1.0.100.202509120712/tools/bin/../lib/gcc/arm-none-eabi/13.3.1/../../../../arm-none-eabi/lib/thumb/v7e-m+fp/hard/libc_nano.a(libc_a-freer.o)
                0x0800cec8                _free_r
 .text.__ssputs_r
                0x0800cf5c       0xb6 /Applications/STM32CubeIDE.app/Contents/Eclipse/plugins/com.st.stm32cube.ide.mcu.externaltools.gnu-tools-for-stm32.13.3.rel1.macos64_1.0.100.202509120712/tools/bin/../lib/gcc/arm-none-eabi/13.3.1/../../../../arm-none-eabi/lib/thumb/v7e-m+fp/hard/libc_nano.a(libc_a-nano-svfprintf.o)
                0x0800cf5c                __ssputs_r
 *fill*         0x0800d012        0x2 
 .text._svfprintf_r
                0x0800d014      0x1f8 /Applications/STM32CubeIDE.app/Contents/Eclipse/plugins/com.st.stm32cube.ide.mcu.externaltools.gnu-tools-for-stm32.13.3.rel1.macos64_1.0.100.202509120712/tools/bin/../lib/gcc/arm-none-eabi/13.3.1/../../../../arm-none-eabi/lib/thumb/v7e-m+fp/hard/libc_nano.a(libc_a-nano-svfprintf.o)
                0x0800d014                _svfprintf_r
                0x0800d014                _svfiprintf_r
 .text.__sfputc_r
                0x0800d20c       0x2e /Applications/STM32CubeIDE.app/Contents/Eclipse/plugins/com.st.stm32cube.ide.mcu.externaltools.gnu-tools-for-stm32.13.3.rel1.macos64_1.0.100.202509120712/tools/bin/../lib/gcc/arm-none-eabi/13.3.1/../../../../arm-none-eabi/lib/thumb/v7e-m+fp/hard/libc_nano.a(libc_a-nano-vfprintf.o)
 .text.__sfputs_r
                0x0800d23a       0x24 /Applications/STM32CubeIDE.app/Contents/Eclipse/plugins/com.st.stm32cube.ide.mcu.externaltools.gnu-tools-for-stm32.13.3.rel1.macos64_1.0.100.202509120712/tools/bin/../lib/gcc/arm-none-eabi/13.3.1/../../../../arm-none-eabi/lib/thumb/v7e-m+fp/hard/libc_nano.a(libc_a-nano-vfprintf.o)
                0x0800d23a                __sfputs_r
 *fill*         0x0800d25e        0x2 
 .text._vfprintf_r
                0x0800d260      0x230 /Applications/STM32CubeIDE.app/Contents/Eclipse/plugins/com.st.stm32cube.ide.mcu.externaltools.gnu-tools-for-stm32.13.3.rel1.macos64_1.0.100.202509120712/tools/bin/../lib/gcc/arm-none-eabi/13.3.1/../../../../arm-none-eabi/lib/thumb/v7e-m+fp/hard/libc_nano.a(libc_a-nano-vfprintf.o)
                0x0800d260                _vfiprintf_r
                0x0800d260                _vfprintf_r
 .text.__sflush_r
                0x0800d490      0x108 /Applications/STM32CubeIDE.app/Contents/Eclipse/plugins/com.st.stm32cube.ide.mcu.externaltools.gnu-tools-for-stm32.13.3.rel1.macos64_1.0.100.202509120712/tools/bin/../lib/gcc/arm-none-eabi/13.3.1/../../../../arm-none-eabi/lib/thumb/v7e-m+fp/hard/libc_nano.a(libc_a-fflush.o)
                0x0800d490                __sflush_r
 .text._fflush_r
                0x0800d598       0x50 /Applications/STM32CubeIDE.app/Contents/Eclipse/plugins/com.st.stm32cube.ide.mcu.externaltools.gnu-tools-for-stm32.13.3.rel1.macos64_1.0.100.202509120712/tools/bin/../lib/gcc/arm-none-eabi/13.3.1/../../../../arm-none-eabi/lib/thumb/v7e-m+fp/hard/libc_nano.a(libc_a-fflush.o)
                0x0800d598                _fflush_r
 .text._Balloc  0x0800d5e8       0x80 /Applications/STM32CubeIDE.app/Contents/Eclipse/plugins/com.st.stm32cube.ide.mcu.externaltools.gnu-tools-for-stm32.13.3.rel1.macos64_1.0.100.202509120712/tools/bin/../lib/gcc/arm-none-eabi/13.3.1/../../../../arm-none-eabi/lib/thumb/v7e-m+fp/hard/libc_nano.a(libc_a-mprec.o)
                0x0800d5e8                _Balloc
 .text._Bfree   0x0800d668       0x44 /Applications/STM32CubeIDE.app/Contents/Eclipse/plugins/com.st.stm32cube.ide.mcu.externaltools.gnu-tools-for-stm32.13.3.rel1.macos64_1.0.100.202509120712/tools/bin/../lib/gcc/arm-none-eabi/13.3.1/../../../../arm-none-eabi/lib/thumb/v7e-m+fp/hard/libc_nano.a(libc_a-mprec.o)
                0x0800d668                _Bfree
 .text.__multadd
                0x0800d6ac       0x8c /Applications/STM32CubeIDE.app/Contents/Eclipse/plugins/com.st.stm32cube.ide.mcu.externaltools.gnu-tools-for-stm32.13.3.rel1.macos64_1.0.100.202509120712/tools/bin/../lib/gcc/arm-none-eabi/13.3.1/../../../../arm-none-eabi/lib/thumb/v7e-m+fp/hard/libc_nano.a(libc_a-mprec.o)
                0x0800d6ac                __multadd
 .text.__hi0bits
                0x0800d738       0x3e /Applications/STM32CubeIDE.app/Contents/Eclipse/plugins/com.st.stm32cube.ide.mcu.externaltools.gnu-tools-for-stm32.13.3.rel1.macos64_1.0.100.202509120712/tools/bin/../lib/gcc/arm-none-eabi/13.3.1/../../../../arm-none-eabi/lib/thumb/v7e-m+fp/hard/libc_nano.a(libc_a-mprec.o)
                0x0800d738                __hi0bits
 .text.__lo0bits
                0x0800d776       0x5a /Applications/STM32CubeIDE.app/Contents/Eclipse/plugins/com.st.stm32cube.ide.mcu.externaltools.gnu-tools-for-stm32.13.3.rel1.macos64_1.0.100.202509120712/tools/bin/../lib/gcc/arm-none-eabi/13.3.1/../../../../arm-none-eabi/lib/thumb/v7e-m+fp/hard/libc_nano.a(libc_a-mprec.o)
                0x0800d776                __lo0bits
 .text.__i2b    0x0800d7d0       0x2c /Applications/STM32CubeIDE.app/Contents/Eclipse/plugins/com.st.stm32cube.ide.mcu.externaltools.gnu-tools-for-stm32.13.3.rel1.macos64_1.0.100.202509120712/tools/bin/../lib/gcc/arm-none-eabi/13.3.1/../../../../arm-none-eabi/lib/thumb/v7e-m+fp/hard/libc_nano.a(libc_a-mprec.o)
                0x0800d7d0                __i2b
 .text.__multiply
                0x0800d7fc      0x144 /Applications/STM32CubeIDE.app/Contents/Eclipse/plugins/com.st.stm32cube.ide.mcu.externaltools.gnu-tools-for-stm32.13.3.rel1.macos64_1.0.100.202509120712/tools/bin/../lib/gcc/arm-none-eabi/13.3.1/../../../../arm-none-eabi/lib/thumb/v7e-m+fp/hard/libc_nano.a(libc_a-mprec.o)
                0x0800d7fc                __multiply
 .text.__pow5mult
                0x0800d940       0xb4 /Applications/STM32CubeIDE.app/Contents/Eclipse/plugins/com.st.stm32cube.ide.mcu.externaltools.gnu-tools-for-stm32.13.3.rel1.macos64_1.0.100.202509120712/tools/bin/../lib/gcc/arm-none-eabi/13.3.1/../../../../arm-none-eabi/lib/thumb/v7e-m+fp/hard/libc_nano.a(libc_a-mprec.o)
                0x0800d940                __pow5mult
 .text.__lshift
                0x0800d9f4       0xd8 /Applications/STM32CubeIDE.app/Contents/Eclipse/plugins/com.st.stm32cube.ide.mcu.externaltools.gnu-tools-for-stm32.13.3.rel1.macos64_1.0.100.202509120712/tools/bin/../lib/gcc/arm-none-eabi/13.3.1/../../../../arm-none-eabi/lib/thumb/v7e-m+fp/hard/libc_nano.a(libc_a-mprec.o)
                0x0800d9f4                __lshift
 .text.__mcmp   0x0800dacc       0x36 /Applications/STM32CubeIDE.app/Contents/Eclipse/plugins/com.st.stm32cube.ide.mcu.externaltools.gnu-tools-for-stm32.13.3.rel1.macos64_1.0.100.202509120712/tools/bin/../lib/gcc/arm-none-eabi/13.3.1/../../../../arm-none-eabi/lib/thumb/v7e-m+fp/hard/libc_nano.a(libc_a-mprec.o)
                0x0800dacc                __mcmp
 *fill*         0x0800db02        0x2 
 .text.__mdiff  0x0800db04      0x128 /Applications/STM32CubeIDE.app/Contents/Eclipse/plugins/com.st.stm32cube.ide.mcu.externaltools.gnu-tools-for-stm32.13.3.rel1.macos64_1.0.100.202509120712/tools/bin/../lib/gcc/arm-none-eabi/13.3.1/../../../../arm-none-eabi/lib/thumb/v7e-m+fp/hard/libc_nano.a(libc_a-mprec.o)
                0x0800db04                __mdiff
 .text.__d2b    0x0800dc2c       0xb0 /Applications/STM32CubeIDE.app/Contents/Eclipse/plugins/com.st.stm32cube.ide.mcu.externaltools.gnu-tools-for-stm32.13.3.rel1.macos64_1.0.100.202509120712/tools/bin/../lib/gcc/arm-none-eabi/13.3.1/../../../../arm-none-eabi/lib/thumb/v7e-m+fp/hard/libc_nano.a(libc_a-mprec.o)
                0x0800dc2c                __d2b
 .text._malloc_usable_size_r
                0x0800dcdc       0x10 /Applications/STM32CubeIDE.app/Contents/Eclipse/plugins/com.st.stm32cube.ide.mcu.externaltools.gnu-tools-for-stm32.13.3.rel1.macos64_1.0.100.202509120712/tools/bin/../lib/gcc/arm-none-eabi/13.3.1/../../../../arm-none-eabi/lib/thumb/v7e-m+fp/hard/libc_nano.a(libc_a-msizer.o)
                0x0800dcdc                _malloc_usable_size_r
 .text.__sread  0x0800dcec       0x22 /Applications/STM32CubeIDE.app/Contents/Eclipse/plugins/com.st.stm32cube.ide.mcu.externaltools.gnu-tools-for-stm32.13.3.rel1.macos64_1.0.100.202509120712/tools/bin/../lib/gcc/arm-none-eabi/13.3.1/../../../../arm-none-eabi/lib/thumb/v7e-m+fp/hard/libc_nano.a(libc_a-stdio.o)
                0x0800dcec                __sread
 .text.__swrite
                0x0800dd0e       0x38 /Applications/STM32CubeIDE.app/Contents/Eclipse/plugins/com.st.stm32cube.ide.mcu.externaltools.gnu-tools-for-stm32.13.3.rel1.macos64_1.0.100.202509120712/tools/bin/../lib/gcc/arm-none-eabi/13.3.1/../../../../arm-none-eabi/lib/thumb/v7e-m+fp/hard/libc_nano.a(libc_a-stdio.o)
                0x0800dd0e                __swrite
 .text.__sseek  0x0800dd46       0x24 /Applications/STM32CubeIDE.app/Contents/Eclipse/plugins/com.st.stm32cube.ide.mcu.externaltools.gnu-tools-for-stm32.13.3.rel1.macos64_1.0.100.202509120712/tools/bin/../lib/gcc/arm-none-eabi/13.3.1/../../../../arm-none-eabi/lib/thumb/v7e-m+fp/hard/libc_nano.a(libc_a-stdio.o)
                0x0800dd46                __sseek
 .text.__sclose
                0x0800dd6a        0x8 /Applications/STM32CubeIDE.app/Contents/Eclipse/plugins/com.st.stm32cube.ide.mcu.externaltools.gnu-tools-for-stm32.13.3.rel1.macos64_1.0.100.202509120712/tools/bin/../lib/gcc/arm-none-eabi/13.3.1/../../../../arm-none-eabi/lib/thumb/v7e-m+fp/hard/libc_nano.a(libc_a-stdio.o)
                0x0800dd6a                __sclose
 .text.__swbuf_r
                0x0800dd72       0x7c /Applications/STM32CubeIDE.app/Contents/Eclipse/plugins/com.st.stm32cube.ide.mcu.externaltools.gnu-tools-for-stm32.13.3.rel1.macos64_1.0.100.202509120712/tools/bin/../lib/gcc/arm-none-eabi/13.3.1/../../../../arm-none-eabi/lib/thumb/v7e-m+fp/hard/libc_nano.a(libc_a-wbuf.o)
                0x0800dd72                __swbuf_r
 *fill*         0x0800ddee        0x2 
 .text.__swsetup_r
                0x0800ddf0       0xac /Applications/STM32CubeIDE.app/Contents/Eclipse/plugins/com.st.stm32cube.ide.mcu.externaltools.gnu-tools-for-stm32.13.3.rel1.macos64_1.0.100.202509120712/tools/bin/../lib/gcc/arm-none-eabi/13.3.1/../../../../arm-none-eabi/lib/thumb/v7e-m+fp/hard/libc_nano.a(libc_a-wsetup.o)
                0x0800ddf0                __swsetup_r
 .text.__swhatbuf_r
                0x0800de9c       0x4c /Applications/STM32CubeIDE.app/Contents/Eclipse/plugins/com.st.stm32cube.ide.mcu.externaltools.gnu-tools-for-stm32.13.3.rel1.macos64_1.0.100.202509120712/tools/bin/../lib/gcc/arm-none-eabi/13.3.1/../../../../arm-none-eabi/lib/thumb/v7e-m+fp/hard/libc_nano.a(libc_a-makebuf.o)
                0x0800de9c                __swhatbuf_r
 .text.__smakebuf_r
                0x0800dee8       0x78 /Applications/STM32CubeIDE.app/Contents/Eclipse/plugins/com.st.stm32cube.ide.mcu.externaltools.gnu-tools-for-stm32.13.3.rel1.macos64_1.0.100.202509120712/tools/bin/../lib/gcc/arm-none-eabi/13.3.1/../../../../arm-none-eabi/lib/thumb/v7e-m+fp/hard/libc_nano.a(libc_a-makebuf.o)
                0x0800dee8                __smakebuf_r
 .text._isatty_r
                0x0800df60       0x20 /Applications/STM32CubeIDE.app/Contents/Eclipse/plugins/com.st.stm32cube.ide.mcu.externaltools.gnu-tools-for-stm32.13.3.rel1.macos64_1.0.100.202509120712/tools/bin/../lib/gcc/arm-none-eabi/13.3.1/../../../../arm-none-eabi/lib/thumb/v7e-m+fp/hard/libc_nano.a(libc_a-isattyr.o)
                0x0800df60                _isatty_r
 .text._lseek_r
                0x0800df80       0x24 /Applications/STM32CubeIDE.app/Contents/Eclipse/plugins/com.st.stm32cube.ide.mcu.externaltools.gnu-tools-for-stm32.13.3.rel1.macos64_1.0.100.202509120712/tools/bin/../lib/gcc/arm-none-eabi/13.3.1/../../../../arm-none-eabi/lib/thumb/v7e-m+fp/hard/libc_nano.a(libc_a-lseekr.o)
                0x0800df80                _lseek_r
 .text._read_r  0x0800dfa4       0x24 /Applications/STM32CubeIDE.app/Contents/Eclipse/plugins/com.st.stm32cube.ide.mcu.externaltools.gnu-tools-for-stm32.13.3.rel1.macos64_1.0.100.202509120712/tools/bin/../lib/gcc/arm-none-eabi/13.3.1/../../../../arm-none-eabi/lib/thumb/v7e-m+fp/hard/libc_nano.a(libc_a-readr.o)
                0x0800dfa4                _read_r
 .text._write_r
                0x0800dfc8       0x24 /Applications/STM32CubeIDE.app/Contents/Eclipse/plugins/com.st.stm32cube.ide.mcu.externaltools.gnu-tools-for-stm32.13.3.rel1.macos64_1.0.100.202509120712/tools/bin/../lib/gcc/arm-none-eabi/13.3.1/../../../../arm-none-eabi/lib/thumb/v7e-m+fp/hard/libc_nano.a(libc_a-writer.o)
                0x0800dfc8                _write_r
 .text._close_r
                0x0800dfec       0x20 /Applications/STM32CubeIDE.app/Contents/Eclipse/plugins/com.st.stm32cube.ide.mcu.externaltools.gnu-tools-for-stm32.13.3.rel1.macos64_1.0.100.202509120712/tools/bin/../lib/gcc/arm-none-eabi/13.3.1/../../../../arm-none-eabi/lib/thumb/v7e-m+fp/hard/libc_nano.a(libc_a-closer.o)
                0x0800dfec                _close_r
 .text._fstat_r
                0x0800e00c       0x24 /Applications/STM32CubeIDE.app/Contents/Eclipse/plugins/com.st.stm32cube.ide.mcu.externaltools.gnu-tools-for-stm32.13.3.rel1.macos64_1.0.100.202509120712/tools/bin/../lib/gcc/arm-none-eabi/13.3.1/../../../../arm-none-eabi/lib/thumb/v7e-m+fp/hard/libc_nano.a(libc_a-fstatr.o)
                0x0800e00c                _fstat_r
 .text.__assert_func
                0x0800e030       0x3c /Applications/STM32CubeIDE.app/Contents/Eclipse/plugins/com.st.stm32cube.ide.mcu.externaltools.gnu-tools-for-stm32.13.3.rel1.macos64_1.0.100.202509120712/tools/bin/../lib/gcc/arm-none-eabi/13.3.1/../../../../arm-none-eabi/lib/thumb/v7e-m+fp/hard/libc_nano.a(libc_a-assert.o)
                0x0800e030                __assert_func
 .text._calloc_r
                0x0800e06c       0x28 /Applications/STM32CubeIDE.app/Contents/Eclipse/plugins/com.st.stm32cube.ide.mcu.externaltools.gnu-tools-for-stm32.13.3.rel1.macos64_1.0.100.202509120712/tools/bin/../lib/gcc/arm-none-eabi/13.3.1/../../../../arm-none-eabi/lib/thumb/v7e-m+fp/hard/libc_nano.a(libc_a-callocr.o)
                0x0800e06c                _calloc_r
 .text.__ascii_mbtowc
                0x0800e094       0x24 /Applications/STM32CubeIDE.app/Contents/Eclipse/plugins/com.st.stm32cube.ide.mcu.externaltools.gnu-tools-for-stm32.13.3.rel1.macos64_1.0.100.202509120712/tools/bin/../lib/gcc/arm-none-eabi/13.3.1/../../../../arm-none-eabi/lib/thumb/v7e-m+fp/hard/libc_nano.a(libc_a-mbtowc_r.o)
                0x0800e094                __ascii_mbtowc
 .text.fprintf  0x0800e0b8       0x24 /Applications/STM32CubeIDE.app/Contents/Eclipse/plugins/com.st.stm32cube.ide.mcu.externaltools.gnu-tools-for-stm32.13.3.rel1.macos64_1.0.100.202509120712/tools/bin/../lib/gcc/arm-none-eabi/13.3.1/../../../../arm-none-eabi/lib/thumb/v7e-m+fp/hard/libc_nano.a(libc_a-fprintf.o)
                0x0800e0b8                fprintf
                0x0800e0b8                fiprintf
 .text.__ascii_wctomb
                0x0800e0dc       0x1a /Applications/STM32CubeIDE.app/Contents/Eclipse/plugins/com.st.stm32cube.ide.mcu.externaltools.gnu-tools-for-stm32.13.3.rel1.macos64_1.0.100.202509120712/tools/bin/../lib/gcc/arm-none-eabi/13.3.1/../../../../arm-none-eabi/lib/thumb/v7e-m+fp/hard/libc_nano.a(libc_a-wctomb_r.o)
                0x0800e0dc                __ascii_wctomb
 .text.abort    0x0800e0f6        0xe /Applications/STM32CubeIDE.app/Contents/Eclipse/plugins/com.st.stm32cube.ide.mcu.externaltools.gnu-tools-for-stm32.13.3.rel1.macos64_1.0.100.202509120712/tools/bin/../lib/gcc/arm-none-eabi/13.3.1/../../../../arm-none-eabi/lib/thumb/v7e-m+fp/hard/libc_nano.a(libc_a-abort.o)
                0x0800e0f6                abort
 .text._raise_r
                0x0800e104       0x50 /Applications/STM32CubeIDE.app/Contents/Eclipse/plugins/com.st.stm32cube.ide.mcu.externaltools.gnu-tools-for-stm32.13.3.rel1.macos64_1.0.100.202509120712/tools/bin/../lib/gcc/arm-none-eabi/13.3.1/../../../../arm-none-eabi/lib/thumb/v7e-m+fp/hard/libc_nano.a(libc_a-signal.o)
                0x0800e104                _raise_r
 .text.raise    0x0800e154       0x10 /Applications/STM32CubeIDE.app/Contents/Eclipse/plugins/com.st.stm32cube.ide.mcu.externaltools.gnu-tools-for-stm32.13.3.rel1.macos64_1.0.100.202509120712/tools/bin/../lib/gcc/arm-none-eabi/13.3.1/../../../../arm-none-eabi/lib/thumb/v7e-m+fp/hard/libc_nano.a(libc_a-signal.o)
                0x0800e154                raise
 .text._kill_r  0x0800e164       0x24 /Applications/STM32CubeIDE.app/Contents/Eclipse/plugins/com.st.stm32cube.ide.mcu.externaltools.gnu-tools-for-stm32.13.3.rel1.macos64_1.0.100.202509120712/tools/bin/../lib/gcc/arm-none-eabi/13.3.1/../../../../arm-none-eabi/lib/thumb/v7e-m+fp/hard/libc_nano.a(libc_a-signalr.o)
                0x0800e164                _kill_r
 .text._getpid_r
                0x0800e188        0x4 /Applications/STM32CubeIDE.app/Contents/Eclipse/plugins/com.st.stm32cube.ide.mcu.externaltools.gnu-tools-for-stm32.13.3.rel1.macos64_1.0.100.202509120712/tools/bin/../lib/gcc/arm-none-eabi/13.3.1/../../../../arm-none-eabi/lib/thumb/v7e-m+fp/hard/libc_nano.a(libc_a-signalr.o)
                0x0800e188                _getpid_r
 .text.expf     0x0800e18c       0x6c /Applications/STM32CubeIDE.app/Contents/Eclipse/plugins/com.st.stm32cube.ide.mcu.externaltools.gnu-tools-for-stm32.13.3.rel1.macos64_1.0.100.202509120712/tools/bin/../lib/gcc/arm-none-eabi/13.3.1/../../../../arm-none-eabi/lib/thumb/v7e-m+fp/hard/libm.a(libm_a-wf_exp.o)
                0x0800e18c                expf
 .text.finitef  0x0800e1f8       0x14 /Applications/STM32CubeIDE.app/Contents/Eclipse/plugins/com.st.stm32cube.ide.mcu.externaltools.gnu-tools-for-stm32.13.3.rel1.macos64_1.0.100.202509120712/tools/bin/../lib/gcc/arm-none-eabi/13.3.1/../../../../arm-none-eabi/lib/thumb/v7e-m+fp/hard/libm.a(libm_a-sf_finite.o)
                0x0800e1f8                finitef
 .text.__ieee754_expf
                0x0800e20c      0x19c /Applications/STM32CubeIDE.app/Contents/Eclipse/plugins/com.st.stm32cube.ide.mcu.externaltools.gnu-tools-for-stm32.13.3.rel1.macos64_1.0.100.202509120712/tools/bin/../lib/gcc/arm-none-eabi/13.3.1/../../../../arm-none-eabi/lib/thumb/v7e-m+fp/hard/libm.a(libm_a-ef_exp.o)
                0x0800e20c                __ieee754_expf
 .text.with_errnof
                0x0800e3a8       0x1c /Applications/STM32CubeIDE.app/Contents/Eclipse/plugins/com.st.stm32cube.ide.mcu.externaltools.gnu-tools-for-stm32.13.3.rel1.macos64_1.0.100.202509120712/tools/bin/../lib/gcc/arm-none-eabi/13.3.1/../../../../arm-none-eabi/lib/thumb/v7e-m+fp/hard/libm.a(libm_a-math_errf.o)
 .text.xflowf   0x0800e3c4       0x16 /Applications/STM32CubeIDE.app/Contents/Eclipse/plugins/com.st.stm32cube.ide.mcu.externaltools.gnu-tools-for-stm32.13.3.rel1.macos64_1.0.100.202509120712/tools/bin/../lib/gcc/arm-none-eabi/13.3.1/../../../../arm-none-eabi/lib/thumb/v7e-m+fp/hard/libm.a(libm_a-math_errf.o)
 *fill*         0x0800e3da        0x2 
 .text.__math_uflowf
                0x0800e3dc        0xc /Applications/STM32CubeIDE.app/Contents/Eclipse/plugins/com.st.stm32cube.ide.mcu.externaltools.gnu-tools-for-stm32.13.3.rel1.macos64_1.0.100.202509120712/tools/bin/../lib/gcc/arm-none-eabi/13.3.1/../../../../arm-none-eabi/lib/thumb/v7e-m+fp/hard/libm.a(libm_a-math_errf.o)
                0x0800e3dc                __math_uflowf
 .text.__math_oflowf
                0x0800e3e8        0xc /Applications/STM32CubeIDE.app/Contents/Eclipse/plugins/com.st.stm32cube.ide.mcu.externaltools.gnu-tools-for-stm32.13.3.rel1.macos64_1.0.100.202509120712/tools/bin/../lib/gcc/arm-none-eabi/13.3.1/../../../../arm-none-eabi/lib/thumb/v7e-m+fp/hard/libm.a(libm_a-math_errf.o)
                0x0800e3e8                __math_oflowf
 .text._close   0x0800e3f4       0x10 /Applications/STM32CubeIDE.app/Contents/Eclipse/plugins/com.st.stm32cube.ide.mcu.externaltools.gnu-tools-for-stm32.13.3.rel1.macos64_1.0.100.202509120712/tools/bin/../lib/gcc/arm-none-eabi/13.3.1/../../../../arm-none-eabi/lib/thumb/v7e-m+fp/hard/libnosys.a(close.o)
                0x0800e3f4                _close
 .text._fstat   0x0800e404       0x10 /Applications/STM32CubeIDE.app/Contents/Eclipse/plugins/com.st.stm32cube.ide.mcu.externaltools.gnu-tools-for-stm32.13.3.rel1.macos64_1.0.100.202509120712/tools/bin/../lib/gcc/arm-none-eabi/13.3.1/../../../../arm-none-eabi/lib/thumb/v7e-m+fp/hard/libnosys.a(fstat.o)
                0x0800e404                _fstat
 .text._getpid  0x0800e414       0x10 /Applications/STM32CubeIDE.app/Contents/Eclipse/plugins/com.st.stm32cube.ide.mcu.externaltools.gnu-tools-for-stm32.13.3.rel1.macos64_1.0.100.202509120712/tools/bin/../lib/gcc/arm-none-eabi/13.3.1/../../../../arm-none-eabi/lib/thumb/v7e-m+fp/hard/libnosys.a(getpid.o)
                0x0800e414                _getpid
 .text._isatty  0x0800e424       0x10 /Applications/STM32CubeIDE.app/Contents/Eclipse/plugins/com.st.stm32cube.ide.mcu.externaltools.gnu-tools-for-stm32.13.3.rel1.macos64_1.0.100.202509120712/tools/bin/../lib/gcc/arm-none-eabi/13.3.1/../../../../arm-none-eabi/lib/thumb/v7e-m+fp/hard/libnosys.a(isatty.o)
                0x0800e424                _isatty
 .text._kill    0x0800e434       0x10 /Applications/STM32CubeIDE.app/Contents/Eclipse/plugins/com.st.stm32cube.ide.mcu.externaltools.gnu-tools-for-stm32.13.3.rel1.macos64_1.0.100.202509120712/tools/bin/../lib/gcc/arm-none-eabi/13.3.1/../../../../arm-none-eabi/lib/thumb/v7e-m+fp/hard/libnosys.a(kill.o)
                0x0800e434                _kill
 .text._lseek   0x0800e444       0x10 /Applications/STM32CubeIDE.app/Contents/Eclipse/plugins/com.st.stm32cube.ide.mcu.externaltools.gnu-tools-for-stm32.13.3.rel1.macos64_1.0.100.202509120712/tools/bin/../lib/gcc/arm-none-eabi/13.3.1/../../../../arm-none-eabi/lib/thumb/v7e-m+fp/hard/libnosys.a(lseek.o)
                0x0800e444                _lseek
 .text._read    0x0800e454       0x10 /Applications/STM32CubeIDE.app/Contents/Eclipse/plugins/com.st.stm32cube.ide.mcu.externaltools.gnu-tools-for-stm32.13.3.rel1.macos64_1.0.100.202509120712/tools/bin/../lib/gcc/arm-none-eabi/13.3.1/../../../../arm-none-eabi/lib/thumb/v7e-m+fp/hard/libnosys.a(read.o)
                0x0800e454                _read
 .text._write   0x0800e464       0x10 /Applications/STM32CubeIDE.app/Contents/Eclipse/plugins/com.st.stm32cube.ide.mcu.externaltools.gnu-tools-for-stm32.13.3.rel1.macos64_1.0.100.202509120712/tools/bin/../lib/gcc/arm-none-eabi/13.3.1/../../../../arm-none-eabi/lib/thumb/v7e-m+fp/hard/libnosys.a(write.o)
                0x0800e464                _write
 .text._exit    0x0800e474        0x2 /Applications/STM32CubeIDE.app/Contents/Eclipse/plugins/com.st.stm32cube.ide.mcu.externaltools.gnu-tools-for-stm32.13.3.rel1.macos64_1.0.100.202509120712/tools/bin/../lib/gcc/arm-none-eabi/13.3.1/../../../../arm-none-eabi/lib/thumb/v7e-m+fp/hard/libnosys.a(_exit.o)
                0x0800e474                _exit
 *(.glue_7)
 .glue_7        0x0800e476        0x0 linker stubs
 *(.glue_7t)
 .glue_7t       0x0800e476        0x0 linker stubs
 *(.eh_frame)
 *fill*         0x0800e476        0x2 
 .eh_frame      0x0800e478        0x0 /Applications/STM32CubeIDE.app/Contents/Eclipse/plugins/com.st.stm32cube.ide.mcu.externaltools.gnu-tools-for-stm32.13.3.rel1.macos64_1.0.100.202509120712/tools/bin/../lib/gcc/arm-none-eabi/13.3.1/thumb/v7e-m+fp/hard/crtbegin.o
 *(.init)
 .init          0x0800e478        0x4 /Applications/STM32CubeIDE.app/Contents/Eclipse/plugins/com.st.stm32cube.ide.mcu.externaltools.gnu-tools-for-stm32.13.3.rel1.macos64_1.0.100.202509120712/tools/bin/../lib/gcc/arm-none-eabi/13.3.1/thumb/v7e-m+fp/hard/crti.o
                0x0800e478                _init
 .init          0x0800e47c        0x8 /Applications/STM32CubeIDE.app/Contents/Eclipse/plugins/com.st.stm32cube.ide.mcu.externaltools.gnu-tools-for-stm32.13.3.rel1.macos64_1.0.100.202509120712/tools/bin/../lib/gcc/arm-none-eabi/13.3.1/thumb/v7e-m+fp/hard/crtn.o
 *(.fini)
 .fini          0x0800e484        0x4 /Applications/STM32CubeIDE.app/Contents/Eclipse/plugins/com.st.stm32cube.ide.mcu.externaltools.gnu-tools-for-stm32.13.3.rel1.macos64_1.0.100.202509120712/tools/bin/../lib/gcc/arm-none-eabi/13.3.1/thumb/v7e-m+fp/hard/crti.o
                0x0800e484                _fini
 .fini          0x0800e488        0x8 /Applications/STM32CubeIDE.app/Contents/Eclipse/plugins/com.st.stm32cube.ide.mcu.externaltools.gnu-tools-for-stm32.13.3.rel1.macos64_1.0.100.202509120712/tools/bin/../lib/gcc/arm-none-eabi/13.3.1/thumb/v7e-m+fp/hard/crtn.o
                0x0800e490                        . = ALIGN (0x4)
                0x0800e490                        _etext = .

.vfp11_veneer   0x0800e490        0x0
 .vfp11_veneer  0x0800e490        0x0 linker stubs

.v4_bx          0x0800e490        0x0
 .v4_bx         0x0800e490        0x0 linker stubs

.iplt           0x0800e490        0x0
 .iplt          0x0800e490        0x0 /Applications/STM32CubeIDE.app/Contents/Eclipse/plugins/com.st.stm32cube.ide.mcu.externaltools.gnu-tools-for-stm32.13.3.rel1.macos64_1.0.100.202509120712/tools/bin/../lib/gcc/arm-none-eabi/13.3.1/thumb/v7e-m+fp/hard/crtbegin.o

.rodata         0x0800e4a0    0x185f4
                0x0800e4a0                        . = ALIGN (0x4)
 *(.rodata)
 .rodata        0x0800e4a0      0x15b ./X-CUBE-AI/App/app_x-cube-ai.o
 *fill*         0x0800e5fb        0x1 
 .rodata        0x0800e5fc       0x30 ./X-CUBE-AI/App/network_data.o
 *(.rodata*)
 .rodata.AHBPrescTable
                0x0800e62c       0x10 ./Core/Src/system_stm32f4xx.o
                0x0800e62c                AHBPrescTable
 .rodata.APBPrescTable
                0x0800e63c        0x8 ./Core/Src/system_stm32f4xx.o
                0x0800e63c                APBPrescTable
 .rodata.__compound_literal.0
                0x0800e644        0x4 ./X-CUBE-AI/App/network.o
 .rodata.__compound_literal.1
                0x0800e648        0x1 ./X-CUBE-AI/App/network.o
 *fill*         0x0800e649        0x3 
 .rodata.__compound_literal.2
                0x0800e64c        0x8 ./X-CUBE-AI/App/network.o
 .rodata.input_output_array_intq
                0x0800e654        0x8 ./X-CUBE-AI/App/network.o
 .rodata.__compound_literal.3
                0x0800e65c        0x4 ./X-CUBE-AI/App/network.o
 .rodata.__compound_literal.4
                0x0800e660        0x1 ./X-CUBE-AI/App/network.o
 *fill*         0x0800e661        0x3 
 .rodata.__compound_literal.5
                0x0800e664        0x8 ./X-CUBE-AI/App/network.o
 .rodata.input_0_conversion_output_array_intq
                0x0800e66c        0x8 ./X-CUBE-AI/App/network.o
 .rodata.__compound_literal.6
                0x0800e674        0x4 ./X-CUBE-AI/App/network.o
 .rodata.__compound_literal.7
                0x0800e678        0x1 ./X-CUBE-AI/App/network.o
 *fill*         0x0800e679        0x3 
 .rodata.__compound_literal.8
                0x0800e67c        0x8 ./X-CUBE-AI/App/network.o
 .rodata._Relu_output_0_output_array_intq
                0x0800e684        0x8 ./X-CUBE-AI/App/network.o
 .rodata.__compound_literal.9
                0x0800e68c        0x4 ./X-CUBE-AI/App/network.o
 .rodata.__compound_literal.10
                0x0800e690        0x1 ./X-CUBE-AI/App/network.o
 *fill*         0x0800e691        0x3 
 .rodata.__compound_literal.11
                0x0800e694        0x8 ./X-CUBE-AI/App/network.o
 .rodata._Relu_1_output_0_pad_before_output_array_intq
                0x0800e69c        0x8 ./X-CUBE-AI/App/network.o
 .rodata.__compound_literal.12
                0x0800e6a4        0x4 ./X-CUBE-AI/App/network.o
 .rodata.__compound_literal.13
                0x0800e6a8        0x1 ./X-CUBE-AI/App/network.o
 *fill*         0x0800e6a9        0x3 
 .rodata.__compound_literal.14
                0x0800e6ac        0x8 ./X-CUBE-AI/App/network.o
 .rodata._Relu_1_output_0_output_array_intq
                0x0800e6b4        0x8 ./X-CUBE-AI/App/network.o
 .rodata.__compound_literal.15
                0x0800e6bc        0x4 ./X-CUBE-AI/App/network.o
 .rodata.__compound_literal.16
                0x0800e6c0        0x1 ./X-CUBE-AI/App/network.o
 *fill*         0x0800e6c1        0x3 
 .rodata.__compound_literal.17
                0x0800e6c4        0x8 ./X-CUBE-AI/App/network.o
 .rodata._Relu_2_output_0_pad_before_output_array_intq
                0x0800e6cc        0x8 ./X-CUBE-AI/App/network.o
 .rodata.__compound_literal.18
                0x0800e6d4        0x4 ./X-CUBE-AI/App/network.o
 .rodata.__compound_literal.19
                0x0800e6d8        0x1 ./X-CUBE-AI/App/network.o
 *fill*         0x0800e6d9        0x3 
 .rodata.__compound_literal.20
                0x0800e6dc        0x8 ./X-CUBE-AI/App/network.o
 .rodata._Relu_2_output_0_output_array_intq
                0x0800e6e4        0x8 ./X-CUBE-AI/App/network.o
 .rodata.__compound_literal.21
                0x0800e6ec        0x4 ./X-CUBE-AI/App/network.o
 .rodata.__compound_literal.22
                0x0800e6f0        0x1 ./X-CUBE-AI/App/network.o
 *fill*         0x0800e6f1        0x3 
 .rodata.__compound_literal.23
                0x0800e6f4        0x8 ./X-CUBE-AI/App/network.o
 .rodata._GlobalAveragePool_output_0_output_array_intq
                0x0800e6fc        0x8 ./X-CUBE-AI/App/network.o
 .rodata.__compound_literal.24
                0x0800e704        0x4 ./X-CUBE-AI/App/network.o
 .rodata.__compound_literal.25
                0x0800e708        0x1 ./X-CUBE-AI/App/network.o
 *fill*         0x0800e709        0x3 
 .rodata.__compound_literal.26
                0x0800e70c        0x8 ./X-CUBE-AI/App/network.o
 .rodata.logits_QuantizeLinear_Input_output_array_intq
                0x0800e714        0x8 ./X-CUBE-AI/App/network.o
 .rodata.__compound_literal.27
                0x0800e71c        0x4 ./X-CUBE-AI/App/network.o
 .rodata.__compound_literal.28
                0x0800e720        0x1 ./X-CUBE-AI/App/network.o
 *fill*         0x0800e721        0x3 
 .rodata.__compound_literal.29
                0x0800e724        0x8 ./X-CUBE-AI/App/network.o
 .rodata.logits_QuantizeLinear_Input_0_conversion_output_array_intq
                0x0800e72c        0x8 ./X-CUBE-AI/App/network.o
 .rodata.__compound_literal.30
                0x0800e734       0x80 ./X-CUBE-AI/App/network.o
 .rodata.__compound_literal.31
                0x0800e7b4       0x20 ./X-CUBE-AI/App/network.o
 .rodata.__compound_literal.32
                0x0800e7d4        0x8 ./X-CUBE-AI/App/network.o
 .rodata._Relu_output_0_weights_array_intq
                0x0800e7dc        0x8 ./X-CUBE-AI/App/network.o
 .rodata.__compound_literal.33
                0x0800e7e4      0x100 ./X-CUBE-AI/App/network.o
 .rodata.__compound_literal.34
                0x0800e8e4       0x40 ./X-CUBE-AI/App/network.o
 .rodata.__compound_literal.35
                0x0800e924        0x8 ./X-CUBE-AI/App/network.o
 .rodata._Relu_1_output_0_weights_array_intq
                0x0800e92c        0x8 ./X-CUBE-AI/App/network.o
 .rodata.__compound_literal.36
                0x0800e934      0x200 ./X-CUBE-AI/App/network.o
 .rodata.__compound_literal.37
                0x0800eb34       0x80 ./X-CUBE-AI/App/network.o
 .rodata.__compound_literal.38
                0x0800ebb4        0x8 ./X-CUBE-AI/App/network.o
 .rodata._Relu_2_output_0_weights_array_intq
                0x0800ebbc        0x8 ./X-CUBE-AI/App/network.o
 .rodata.__compound_literal.39
                0x0800ebc4       0x68 ./X-CUBE-AI/App/network.o
 .rodata.__compound_literal.40
                0x0800ec2c       0x1a ./X-CUBE-AI/App/network.o
 *fill*         0x0800ec46        0x2 
 .rodata.__compound_literal.41
                0x0800ec48        0x8 ./X-CUBE-AI/App/network.o
 .rodata.logits_QuantizeLinear_Input_weights_array_intq
                0x0800ec50        0x8 ./X-CUBE-AI/App/network.o
 .rodata.__compound_literal.42
                0x0800ec58        0x4 ./X-CUBE-AI/App/network.o
 .rodata.__compound_literal.43
                0x0800ec5c        0x1 ./X-CUBE-AI/App/network.o
 *fill*         0x0800ec5d        0x3 
 .rodata.__compound_literal.44
                0x0800ec60        0x8 ./X-CUBE-AI/App/network.o
 .rodata._Relu_output_0_scratch1_array_intq
                0x0800ec68        0x8 ./X-CUBE-AI/App/network.o
 .rodata.__compound_literal.45
                0x0800ec70        0x4 ./X-CUBE-AI/App/network.o
 .rodata.__compound_literal.46
                0x0800ec74        0x1 ./X-CUBE-AI/App/network.o
 *fill*         0x0800ec75        0x3 
 .rodata.__compound_literal.47
                0x0800ec78        0x8 ./X-CUBE-AI/App/network.o
 .rodata._Relu_1_output_0_scratch1_array_intq
                0x0800ec80        0x8 ./X-CUBE-AI/App/network.o
 .rodata.logits_QuantizeLinear_Input_0_conversion_chain
                0x0800ec88        0x8 ./X-CUBE-AI/App/network.o
 .rodata.logits_QuantizeLinear_Input_chain
                0x0800ec90        0x8 ./X-CUBE-AI/App/network.o
 .rodata._GlobalAveragePool_output_0_chain
                0x0800ec98        0x8 ./X-CUBE-AI/App/network.o
 .rodata._Relu_2_output_0_chain
                0x0800eca0        0x8 ./X-CUBE-AI/App/network.o
 .rodata._Relu_2_output_0_pad_before_value_data
                0x0800eca8        0x1 ./X-CUBE-AI/App/network.o
 *fill*         0x0800eca9        0x3 
 .rodata._Relu_2_output_0_pad_before_value
                0x0800ecac       0x10 ./X-CUBE-AI/App/network.o
 .rodata._Relu_2_output_0_pad_before_chain
                0x0800ecbc        0x8 ./X-CUBE-AI/App/network.o
 .rodata._Relu_1_output_0_chain
                0x0800ecc4        0x8 ./X-CUBE-AI/App/network.o
 .rodata._Relu_1_output_0_pad_before_value_data
                0x0800eccc        0x1 ./X-CUBE-AI/App/network.o
 *fill*         0x0800eccd        0x3 
 .rodata._Relu_1_output_0_pad_before_value
                0x0800ecd0       0x10 ./X-CUBE-AI/App/network.o
 .rodata._Relu_1_output_0_pad_before_chain
                0x0800ece0        0x8 ./X-CUBE-AI/App/network.o
 .rodata._Relu_output_0_chain
                0x0800ece8        0x8 ./X-CUBE-AI/App/network.o
 .rodata.input_0_conversion_chain
                0x0800ecf0        0x8 ./X-CUBE-AI/App/network.o
 *fill*         0x0800ecf8        0x8 
 .rodata.s_network_weights_array_u64
                0x0800ed00    0x17a08 ./X-CUBE-AI/App/network_data_params.o
                0x0800ed00                s_network_weights_array_u64
 .rodata._printf_float.str1.1
                0x08026708      0x171 /Applications/STM32CubeIDE.app/Contents/Eclipse/plugins/com.st.stm32cube.ide.mcu.externaltools.gnu-tools-for-stm32.13.3.rel1.macos64_1.0.100.202509120712/tools/bin/../lib/gcc/arm-none-eabi/13.3.1/../../../../arm-none-eabi/lib/thumb/v7e-m+fp/hard/libc_nano.a(libc_a-nano-vfprintf_float.o)
                                 0x12 (size before relaxing)
 .rodata._printf_i.str1.1
                0x08026879        0x0 /Applications/STM32CubeIDE.app/Contents/Eclipse/plugins/com.st.stm32cube.ide.mcu.externaltools.gnu-tools-for-stm32.13.3.rel1.macos64_1.0.100.202509120712/tools/bin/../lib/gcc/arm-none-eabi/13.3.1/../../../../arm-none-eabi/lib/thumb/v7e-m+fp/hard/libc_nano.a(libc_a-nano-vfprintf_i.o)
                                 0x22 (size before relaxing)
 .rodata._dtoa_r.str1.1
                0x08026879        0x0 /Applications/STM32CubeIDE.app/Contents/Eclipse/plugins/com.st.stm32cube.ide.mcu.externaltools.gnu-tools-for-stm32.13.3.rel1.macos64_1.0.100.202509120712/tools/bin/../lib/gcc/arm-none-eabi/13.3.1/../../../../arm-none-eabi/lib/thumb/v7e-m+fp/hard/libc_nano.a(libc_a-dtoa.o)
                                 0x8f (size before relaxing)
 .rodata._svfprintf_r.str1.1
                0x08026879        0x0 /Applications/STM32CubeIDE.app/Contents/Eclipse/plugins/com.st.stm32cube.ide.mcu.externaltools.gnu-tools-for-stm32.13.3.rel1.macos64_1.0.100.202509120712/tools/bin/../lib/gcc/arm-none-eabi/13.3.1/../../../../arm-none-eabi/lib/thumb/v7e-m+fp/hard/libc_nano.a(libc_a-nano-svfprintf.o)
                                 0x11 (size before relaxing)
 .rodata._vfprintf_r.str1.1
                0x08026879        0x0 /Applications/STM32CubeIDE.app/Contents/Eclipse/plugins/com.st.stm32cube.ide.mcu.externaltools.gnu-tools-for-stm32.13.3.rel1.macos64_1.0.100.202509120712/tools/bin/../lib/gcc/arm-none-eabi/13.3.1/../../../../arm-none-eabi/lib/thumb/v7e-m+fp/hard/libc_nano.a(libc_a-nano-vfprintf.o)
                                 0x11 (size before relaxing)
 .rodata._Balloc.str1.1